Archive member included to satisfy reference by file (symbol)

../cross_compiler/lib/gcc/arm-none-eabi/4.8.1//libgcc.a(_udivsi3.o)
                              binaries/qsort.o (__aeabi_uidiv)
../cross_compiler/lib/gcc/arm-none-eabi/4.8.1//libgcc.a(_divsi3.o)
                              binaries/xsh_help.o (__aeabi_idiv)
../cross_compiler/lib/gcc/arm-none-eabi/4.8.1//libgcc.a(_dvmd_tls.o)
                              ../cross_compiler/lib/gcc/arm-none-eabi/4.8.1//libgcc.a(_udivsi3.o) (__aeabi_idiv0)
../cross_compiler/lib/gcc/arm-none-eabi/4.8.1//libgcc.a(_arm_addsubdf3.o)
                              binaries/xsh_cpu_use.o (__aeabi_ui2d)
../cross_compiler/lib/gcc/arm-none-eabi/4.8.1//libgcc.a(_arm_muldivdf3.o)
                              binaries/xsh_cpu_use.o (__aeabi_ddiv)

Allocating common symbols
Common symbol       size              file

netbufpool          0x4               binaries/net.o
procs_finished      0x4               binaries/initialize.o
readylist           0x2               binaries/ready.o
rfltab              0x5a0             binaries/rflinit.o
sleepq              0x2               binaries/clkinit.o
intc_vector         0x200             binaries/evec.o
nnames              0x4               binaries/naminit.o
udptab              0x168             binaries/udp.o
minheap             0x4               binaries/meminit.o
marks               0x50              binaries/mark.o
currpid             0x4               binaries/initialize.o
Lf_data             0x20c             binaries/lfsinit.o
porttab             0x2d0             binaries/ptinit.o
ttytab              0x10c             binaries/ttyinit.o
proctab             0x23f0            binaries/initialize.o
eth_a_regs          0x1c              binaries/ethinit.o
prcount             0x4               binaries/initialize.o
readycount          0x2               binaries/initialize.o
lfltab              0xf00             binaries/lflinit.o
rdstab              0x8c              binaries/rdsinit.o
ethertab            0x138             binaries/ethinit.o
nsaddr              0x4               binaries/dns.o
NetData             0xa8              binaries/net.o
nmarks              0x4               binaries/mark.o
state_times         0x20              binaries/initialize.o
Defer               0x8               binaries/resched.o
semtab              0x4b0             binaries/initialize.o
scheduler           0x2               binaries/initialize.o
maxheap             0x4               binaries/meminit.o
preempt             0x4               binaries/clkinit.o
buftab              0xf0              binaries/bufinit.o
Rf_data             0x18              binaries/rfsinit.o
mkmutex             0x4               binaries/mark.o
clktime             0x4               binaries/clkinit.o
cpudelay            0x4               binaries/main.o
arpcache            0x140             binaries/arp.o
icmptab             0x230             binaries/icmp.o
nbpools             0x4               binaries/bufinit.o
queuetab            0x980             binaries/queue.o
ptnextid            0x4               binaries/ptinit.o
Ram                 0x19000           binaries/raminit.o
ipoqueue            0x2c              binaries/ip.o
memlist             0x8               binaries/initialize.o
nametab             0x19a0            binaries/naminit.o
ptfree              0x4               binaries/ptinit.o

Memory Configuration

Name             Origin             Length             Attributes
*default*        0x0000000000000000 0xffffffffffffffff

Linker script and memory map

                0x0000000081000000                physbase = 0x81000000
                0x0000000081000000                . = physbase
                0x0000000081000000                . = ALIGN (0x1000)

.text           0x0000000081000000    0x17000
                0x0000000081000000                text = ABSOLUTE (.)
 *(.text .text.*)
 .text          0x0000000081000000       0x4c binaries/start.o
                0x0000000081000000                start
 .text          0x000000008100004c      0x35c binaries/ascdate.o
                0x000000008100004c                ascdate
 .text          0x00000000810003a8       0x18 binaries/bufinit.o
                0x00000000810003a8                bufinit
 .text          0x00000000810003c0       0x70 binaries/chprio.o
                0x00000000810003c0                chprio
 .text          0x0000000081000430      0x114 binaries/clkhandler.o
                0x0000000081000430                clkhandler
 .text          0x0000000081000544       0xd4 binaries/clkinit.o
                0x0000000081000544                clkinit
 .text          0x0000000081000618       0x50 binaries/close.o
                0x0000000081000618                close
 .text          0x0000000081000668        0x0 binaries/conf.o
 .text          0x0000000081000668       0x68 binaries/control.o
                0x0000000081000668                control
 .text          0x00000000810006d0      0x2cc binaries/create.o
                0x00000000810006d0                create
 .text          0x000000008100099c       0xb0 binaries/evec.o
                0x000000008100099c                initintc
                0x00000000810009c8                set_evec
                0x0000000081000a08                irq_dispatch
 .text          0x0000000081000a4c       0x10 binaries/exit.o
                0x0000000081000a4c                exit
 .text          0x0000000081000a5c       0x7c binaries/freebuf.o
                0x0000000081000a5c                freebuf
 .text          0x0000000081000ad8      0x148 binaries/freemem.o
                0x0000000081000ad8                freemem
 .text          0x0000000081000c20       0x78 binaries/getbuf.o
                0x0000000081000c20                getbuf
 .text          0x0000000081000c98       0x50 binaries/getc.o
                0x0000000081000c98                getc
 .text          0x0000000081000ce8       0x68 binaries/getdev.o
                0x0000000081000ce8                getdev
 .text          0x0000000081000d50       0xa0 binaries/getitem.o
                0x0000000081000d50                getitem
                0x0000000081000d80                getfirst
                0x0000000081000db4                getlast
 .text          0x0000000081000df0      0x108 binaries/getmem.o
                0x0000000081000df0                getmem
 .text          0x0000000081000ef8       0x10 binaries/getpid.o
                0x0000000081000ef8                getpid
 .text          0x0000000081000f08       0x64 binaries/getprio.o
                0x0000000081000f08                getprio
 .text          0x0000000081000f6c       0xc8 binaries/getstk.o
                0x0000000081000f6c                getstk
 .text          0x0000000081001034       0x38 binaries/gettime.o
                0x0000000081001034                gettime
 .text          0x000000008100106c      0x1d0 binaries/getutime.o
                0x000000008100106c                getutime
 .text          0x000000008100123c       0x50 binaries/init.o
                0x000000008100123c                init
 .text          0x000000008100128c      0x3b4 binaries/initialize.o
                0x000000008100128c                nulluser
                0x00000000810015e0                stop
                0x0000000081001604                delay
 .text          0x0000000081001640       0xc8 binaries/insert.o
                0x0000000081001640                insert
 .text          0x0000000081001708      0x134 binaries/insertd.o
                0x0000000081001708                insertd
 .text          0x000000008100183c        0x8 binaries/ioerr.o
                0x000000008100183c                ioerr
 .text          0x0000000081001844        0x8 binaries/ionull.o
                0x0000000081001844                ionull
 .text          0x000000008100184c      0x178 binaries/kill.o
                0x000000008100184c                kill
 .text          0x00000000810019c4       0xb4 binaries/kprintf.o
                0x00000000810019c4                kputc
                0x0000000081001a04                kgetc
                0x0000000081001a38                kprintf
 .text          0x0000000081001a78       0xf8 binaries/main.o
                0x0000000081001a78                counterproc
                0x0000000081001ab4                main
 .text          0x0000000081001b70       0xd0 binaries/mark.o
                0x0000000081001b70                markinit
                0x0000000081001b9c                mark
 .text          0x0000000081001c40       0x44 binaries/meminit.o
                0x0000000081001c40                meminit
 .text          0x0000000081001c84      0x138 binaries/mkbufpool.o
                0x0000000081001c84                mkbufpool
 .text          0x0000000081001dbc       0x7c binaries/newqueue.o
                0x0000000081001dbc                newqueue
 .text          0x0000000081001e38       0x60 binaries/open.o
                0x0000000081001e38                open
 .text          0x0000000081001e98       0x20 binaries/panic.o
                0x0000000081001e98                panic
 .text          0x0000000081001eb8       0x24 binaries/platinit.o
                0x0000000081001eb8                platinit
 .text          0x0000000081001edc       0xa8 binaries/ptclear.o
                0x0000000081001edc                _ptclear
 .text          0x0000000081001f84       0x78 binaries/ptcount.o
                0x0000000081001f84                ptcount
 .text          0x0000000081001ffc       0xdc binaries/ptcreate.o
                0x0000000081001ffc                ptcreate
 .text          0x00000000810020d8       0x74 binaries/ptdelete.o
                0x00000000810020d8                ptdelete
 .text          0x000000008100214c       0xbc binaries/ptinit.o
                0x000000008100214c                ptinit
 .text          0x0000000081002208       0xd0 binaries/ptrecv.o
                0x0000000081002208                ptrecv
 .text          0x00000000810022d8       0x68 binaries/ptreset.o
                0x00000000810022d8                ptreset
 .text          0x0000000081002340       0xf4 binaries/ptsend.o
                0x0000000081002340                ptsend
 .text          0x0000000081002434       0x58 binaries/putc.o
                0x0000000081002434                putc
 .text          0x000000008100248c       0xe8 binaries/queue.o
                0x000000008100248c                enqueue
                0x0000000081002518                dequeue
 .text          0x0000000081002574       0x60 binaries/read.o
                0x0000000081002574                read
 .text          0x00000000810025d4       0xf0 binaries/ready.o
                0x00000000810025d4                ready
 .text          0x00000000810026c4       0x68 binaries/receive.o
                0x00000000810026c4                receive
 .text          0x000000008100272c       0xd8 binaries/record_cpu.o
                0x000000008100272c                cputime
                0x0000000081002764                record_cpu
 .text          0x0000000081002804       0x4c binaries/recvclr.o
                0x0000000081002804                recvclr
 .text          0x0000000081002850       0xc4 binaries/recvtime.o
                0x0000000081002850                recvtime
 .text          0x0000000081002914      0x258 binaries/resched.o
                0x0000000081002914                resched
                0x0000000081002ab0                resched_cntl
 .text          0x0000000081002b6c       0x98 binaries/resume.o
                0x0000000081002b6c                resume
 .text          0x0000000081002c04       0x58 binaries/seek.o
                0x0000000081002c04                seek
 .text          0x0000000081002c5c        0x0 binaries/select.o
 .text          0x0000000081002c5c       0x58 binaries/semcount.o
                0x0000000081002c5c                semcount
 .text          0x0000000081002cb4       0xb8 binaries/semcreate.o
                0x0000000081002cb4                semcreate
 .text          0x0000000081002d6c       0xac binaries/semdelete.o
                0x0000000081002d6c                semdelete
 .text          0x0000000081002e18       0xa4 binaries/semreset.o
                0x0000000081002e18                semreset
 .text          0x0000000081002ebc       0xc8 binaries/send.o
                0x0000000081002ebc                send
 .text          0x0000000081002f84       0x80 binaries/signal.o
                0x0000000081002f84                signal
 .text          0x0000000081003004       0xb0 binaries/signaln.o
                0x0000000081003004                signaln
 .text          0x00000000810030b4       0xe0 binaries/sleep.o
                0x00000000810030b4                sleepms
                0x0000000081003160                sleep
 .text          0x0000000081003194       0xd8 binaries/suspend.o
                0x0000000081003194                suspend
 .text          0x000000008100326c       0xc0 binaries/unsleep.o
                0x000000008100326c                unsleep
 .text          0x000000008100332c       0x10 binaries/userret.o
                0x000000008100332c                userret
 .text          0x000000008100333c       0xb8 binaries/wait.o
                0x000000008100333c                wait
 .text          0x00000000810033f4       0xa0 binaries/wakeup.o
                0x00000000810033f4                wakeup
 .text          0x0000000081003494       0x4c binaries/watchdog.o
                0x0000000081003494                wddisable
 .text          0x00000000810034e0       0x60 binaries/write.o
                0x00000000810034e0                write
 .text          0x0000000081003540       0x18 binaries/xdone.o
                0x0000000081003540                xdone
 .text          0x0000000081003558       0x20 binaries/yield.o
                0x0000000081003558                yield
 .text          0x0000000081003578        0xc binaries/abs.o
                0x0000000081003578                abs
 .text          0x0000000081003584      0x114 binaries/atoi.o
                0x0000000081003584                atoi
 .text          0x0000000081003698      0x114 binaries/atol.o
                0x0000000081003698                atol
 .text          0x00000000810037ac       0x20 binaries/bzero.o
                0x00000000810037ac                bzero
 .text          0x00000000810037cc        0x0 binaries/ctype_.o
 .text          0x00000000810037cc      0x930 binaries/doprnt.o
                0x00000000810039b0                _doprnt
 .text          0x00000000810040fc      0x6fc binaries/doscan.o
                0x00000000810040fc                _doscan
 .text          0x00000000810047f8      0x8b4 binaries/fdoprnt.o
                0x00000000810048a4                _fdoprnt
 .text          0x00000000810050ac       0x14 binaries/fgetc.o
                0x00000000810050ac                fgetc
 .text          0x00000000810050c0       0x84 binaries/fgets.o
                0x00000000810050c0                fgets
 .text          0x0000000081005144       0x3c binaries/fprintf.o
                0x0000000081005144                fprintf
 .text          0x0000000081005180       0x24 binaries/fputc.o
                0x0000000081005180                fputc
 .text          0x00000000810051a4       0x38 binaries/fputs.o
                0x00000000810051a4                fputs
 .text          0x00000000810051dc       0x78 binaries/fscanf.o
                0x0000000081005210                fscanf
 .text          0x0000000081005254       0x30 binaries/getchar.o
                0x0000000081005254                getchar
 .text          0x0000000081005284        0xc binaries/labs.o
                0x0000000081005284                labs
 .text          0x0000000081005290       0x48 binaries/memchr.o
                0x0000000081005290                memchr
 .text          0x00000000810052d8       0x60 binaries/memcmp.o
                0x00000000810052d8                memcmp
 .text          0x0000000081005338       0x24 binaries/memcpy.o
                0x0000000081005338                memcpy
 .text          0x000000008100535c       0x20 binaries/memset.o
                0x000000008100535c                memset
 .text          0x000000008100537c       0x5c binaries/printf.o
                0x000000008100537c                printf
 .text          0x00000000810053d8       0x30 binaries/putchar.o
                0x00000000810053d8                putchar
 .text          0x0000000081005408      0x24c binaries/qsort.o
                0x0000000081005634                qsort
 .text          0x0000000081005654       0x38 binaries/rand.o
                0x0000000081005654                srand
                0x0000000081005664                rand
 .text          0x000000008100568c       0x68 binaries/sprintf.o
                0x00000000810056a4                sprintf
 .text          0x00000000810056f4       0x78 binaries/sscanf.o
                0x0000000081005728                sscanf
 .text          0x000000008100576c       0x48 binaries/strchr.o
                0x000000008100576c                strchr
 .text          0x00000000810057b4       0x54 binaries/strcmp.o
                0x00000000810057b4                strcmp
 .text          0x0000000081005808       0x18 binaries/strcpy.o
                0x0000000081005808                strcpy
 .text          0x0000000081005820       0x30 binaries/strlen.o
                0x0000000081005820                strlen
 .text          0x0000000081005850       0x50 binaries/strncat.o
                0x0000000081005850                strncat
 .text          0x00000000810058a0       0x54 binaries/strncmp.o
                0x00000000810058a0                strncmp
 .text          0x00000000810058f4       0x80 binaries/strncpy.o
                0x00000000810058f4                strncpy
 .text          0x0000000081005974       0x48 binaries/strnlen.o
                0x0000000081005974                strnlen
 .text          0x00000000810059bc       0x58 binaries/strrchr.o
                0x00000000810059bc                strrchr
 .text          0x0000000081005a14       0xb4 binaries/strstr.o
                0x0000000081005a14                strstr
 .text          0x0000000081005ac8       0xcc binaries/ttycontrol.o
                0x0000000081005ac8                ttycontrol
 .text          0x0000000081005b94       0x70 binaries/ttygetc.o
                0x0000000081005b94                ttygetc
 .text          0x0000000081005c04      0x4d4 binaries/ttyhandle_in.o
                0x0000000081005cd0                ttyhandle_in
 .text          0x00000000810060d8      0x14c binaries/ttyhandle_out.o
                0x00000000810060d8                ttyhandle_out
 .text          0x0000000081006224       0xcc binaries/ttyhandler.o
                0x0000000081006224                ttyhandler
 .text          0x00000000810062f0      0x11c binaries/ttyinit.o
                0x00000000810062f0                ttyinit
 .text          0x000000008100640c        0xc binaries/ttykickout.o
                0x000000008100640c                ttykickout
 .text          0x0000000081006418       0x7c binaries/ttyputc.o
                0x0000000081006418                ttyputc
 .text          0x0000000081006494      0x114 binaries/ttyread.o
                0x0000000081006494                ttyread
 .text          0x00000000810065a8       0x4c binaries/ttywrite.o
                0x00000000810065a8                ttywrite
 .text          0x00000000810065f4      0x138 binaries/mount.o
                0x00000000810065f4                namlen
                0x0000000081006648                mount
 .text          0x000000008100672c      0x1c0 binaries/naminit.o
                0x000000008100672c                naminit
 .text          0x00000000810068ec      0x238 binaries/nammap.o
                0x00000000810068ec                namrepl
                0x0000000081006a24                namcpy
                0x0000000081006a80                nammap
 .text          0x0000000081006b24       0x40 binaries/namopen.o
                0x0000000081006b24                namopen
 .text          0x0000000081006b64      0x114 binaries/colon2mac.o
                0x0000000081006b64                colon2mac
 .text          0x0000000081006c78       0x44 binaries/ethcontrol.o
                0x0000000081006c78                ethcontrol
 .text          0x0000000081006cbc      0x178 binaries/ethhandler.o
                0x0000000081006cbc                ethhandler
 .text          0x0000000081006e34      0x714 binaries/ethinit.o
                0x0000000081006e34                eth_phy_read
                0x0000000081006ea4                eth_phy_write
                0x0000000081006efc                eth_phy_reset
                0x000000008100705c                ethinit
 .text          0x0000000081007548       0xdc binaries/ethread.o
                0x0000000081007548                ethread
 .text          0x0000000081007624       0xcc binaries/ethwrite.o
                0x0000000081007624                ethwrite
 .text          0x00000000810076f0       0x90 binaries/rdsbufalloc.o
                0x00000000810076f0                rdsbufalloc
 .text          0x0000000081007780       0xa0 binaries/rdsclose.o
                0x0000000081007780                rdsclose
 .text          0x0000000081007820      0x1ec binaries/rdscomm.o
                0x0000000081007820                rdscomm
 .text          0x0000000081007a0c      0x17c binaries/rdscontrol.o
                0x0000000081007a0c                rdscontrol
 .text          0x0000000081007b88      0x17c binaries/rdsinit.o
                0x0000000081007b88                rdsinit
 .text          0x0000000081007d04      0x138 binaries/rdsopen.o
                0x0000000081007d04                rdsopen
 .text          0x0000000081007e3c      0x2e0 binaries/rdsprocess.o
                0x0000000081007e3c                rdsprocess
 .text          0x000000008100811c      0x1dc binaries/rdsread.o
                0x000000008100811c                rdsread
 .text          0x00000000810082f8      0x16c binaries/rdswrite.o
                0x00000000810082f8                rdswrite
 .text          0x0000000081008464        0x8 binaries/ramclose.o
                0x0000000081008464                ramclose
 .text          0x000000008100846c       0x3c binaries/raminit.o
                0x000000008100846c                raminit
 .text          0x00000000810084a8        0x8 binaries/ramopen.o
                0x00000000810084a8                ramopen
 .text          0x00000000810084b0       0x24 binaries/ramread.o
                0x00000000810084b0                ramread
 .text          0x00000000810084d4       0x20 binaries/ramwrite.o
                0x00000000810084d4                ramwrite
 .text          0x00000000810084f4       0x94 binaries/lfdballoc.o
                0x00000000810084f4                lfdballoc
 .text          0x0000000081008588       0x50 binaries/lfdbfree.o
                0x0000000081008588                lfdbfree
 .text          0x00000000810085d8       0xb8 binaries/lfflush.o
                0x00000000810085d8                lfflush
 .text          0x0000000081008690       0xc8 binaries/lfgetmode.o
                0x0000000081008690                lfgetmode
 .text          0x0000000081008758       0x6c binaries/lfiballoc.o
                0x0000000081008758                lfiballoc
 .text          0x00000000810087c4       0x30 binaries/lfibclear.o
                0x00000000810087c4                lfibclear
 .text          0x00000000810087f4       0x64 binaries/lfibget.o
                0x00000000810087f4                lfibget
 .text          0x0000000081008858       0x84 binaries/lfibput.o
                0x0000000081008858                lfibput
 .text          0x00000000810088dc       0x84 binaries/lflclose.o
                0x00000000810088dc                lflclose
 .text          0x0000000081008960       0xa0 binaries/lflcontrol.o
                0x0000000081008960                lflcontrol
 .text          0x0000000081008a00       0xa8 binaries/lflgetc.o
                0x0000000081008a00                lflgetc
 .text          0x0000000081008aa8       0xa8 binaries/lflinit.o
                0x0000000081008aa8                lflinit
 .text          0x0000000081008b50       0xdc binaries/lflputc.o
                0x0000000081008b50                lflputc
 .text          0x0000000081008c2c       0x78 binaries/lflread.o
                0x0000000081008c2c                lflread
 .text          0x0000000081008ca4       0x80 binaries/lflseek.o
                0x0000000081008ca4                lflseek
 .text          0x0000000081008d24       0x54 binaries/lflwrite.o
                0x0000000081008d24                lflwrite
 .text          0x0000000081008d78      0x11c binaries/lfsckfmt.o
                0x0000000081008d78                lfsckfmt
 .text          0x0000000081008e94      0x15c binaries/lfscreate.o
                0x0000000081008e94                lfscreate
 .text          0x0000000081008ff0      0x1f0 binaries/lfsetup.o
                0x0000000081008ff0                lfsetup
 .text          0x00000000810091e0       0x44 binaries/lfsinit.o
                0x00000000810091e0                lfsinit
 .text          0x0000000081009224      0x32c binaries/lfsopen.o
                0x0000000081009224                lfsopen
 .text          0x0000000081009550      0x108 binaries/lftruncate.o
                0x0000000081009550                lftruncate
 .text          0x0000000081009658       0x70 binaries/rflclose.o
                0x0000000081009658                rflclose
 .text          0x00000000810096c8       0x28 binaries/rflgetc.o
                0x00000000810096c8                rflgetc
 .text          0x00000000810096f0       0x54 binaries/rflinit.o
                0x00000000810096f0                rflinit
 .text          0x0000000081009744       0x2c binaries/rflputc.o
                0x0000000081009744                rflputc
 .text          0x0000000081009770      0x27c binaries/rflread.o
                0x0000000081009770                rflread
 .text          0x00000000810099ec       0x74 binaries/rflseek.o
                0x00000000810099ec                rflseek
 .text          0x0000000081009a60      0x2a8 binaries/rflwrite.o
                0x0000000081009a60                rflwrite
 .text          0x0000000081009d08      0x198 binaries/rfscomm.o
                0x0000000081009d08                rfscomm
 .text          0x0000000081009ea0      0x22c binaries/rfscontrol.o
                0x0000000081009ea0                rfscontrol
 .text          0x000000008100a0cc       0xc8 binaries/rfsgetmode.o
                0x000000008100a0cc                rfsgetmode
 .text          0x000000008100a194       0x84 binaries/rfsinit.o
                0x000000008100a194                rfsinit
 .text          0x000000008100a218       0x98 binaries/rfsndmsg.o
                0x000000008100a218                rfsndmsg
 .text          0x000000008100a2b0      0x220 binaries/rfsopen.o
                0x000000008100a2b0                rfsopen
 .text          0x000000008100a4d0      0x710 binaries/arp.o
                0x000000008100a4d0                arp_init
                0x000000008100a4f0                arp_alloc
                0x000000008100a5c4                arp_ntoh
                0x000000008100a668                arp_hton
                0x000000008100a70c                arp_resolve
                0x000000008100a96c                arp_in
 .text          0x000000008100abe0      0xd80 binaries/dhcp.o
                0x000000008100abe0                dump_dhcp_msg
                0x000000008100b20c                get_dhcp_option_value
                0x000000008100b26c                build_dhcp_discover
                0x000000008100b398                build_dhcp_request
                0x000000008100b544                getlocalip_boot
                0x000000008100b948                getlocalip
 .text          0x000000008100b960      0x420 binaries/dns.o
                0x000000008100b960                dns_bldq
                0x000000008100ba14                dns_getrname
                0x000000008100badc                dns_geta
                0x000000008100bc10                dns_qa
 .text          0x000000008100bd80      0x104 binaries/dot2ip.o
                0x000000008100bd80                dot2ip
 .text          0x000000008100be84      0x328 binaries/hexdump.o
                0x000000008100be84                hexdump
                0x000000008100bfd0                hexadump
 .text          0x000000008100c1ac      0x660 binaries/icmp.o
                0x000000008100c1ac                icmp_init
                0x000000008100c1d0                icmp_register
                0x000000008100c28c                icmp_recv
                0x000000008100c3dc                icmp_mkpkt
                0x000000008100c4cc                icmp_in
                0x000000008100c618                icmp_send
                0x000000008100c688                icmp_release
                0x000000008100c744                icmp_cksum
                0x000000008100c7a4                icmp_hton
                0x000000008100c7d8                icmp_ntoh
 .text          0x000000008100c80c      0x688 binaries/ip.o
                0x000000008100c80c                ip_local
                0x000000008100c83c                ipcksum
                0x000000008100c880                ip_ntoh
                0x000000008100c924                ip_in
                0x000000008100ca60                ip_hton
                0x000000008100cb04                ip_out
                0x000000008100cbb8                ip_send
                0x000000008100cce8                ipout
                0x000000008100cdf8                ip_enqueue
 .text          0x000000008100ce94      0x1c4 binaries/net.o
                0x000000008100ce94                net_init
                0x000000008100cf8c                eth_hton
                0x000000008100cfa0                eth_ntoh
                0x000000008100cfb4                netin
 .text          0x000000008100d058       0xbc binaries/netstart.o
                0x000000008100d058                netstart
 .text          0x000000008100d114      0x9dc binaries/pdump.o
                0x000000008100d114                pdump
                0x000000008100d6a0                pdumph
 .text          0x000000008100daf0      0x570 binaries/tftp.o
                0x000000008100daf0                tftp_send1
                0x000000008100dbdc                tftpget_mb
                0x000000008100e02c                tftpget
 .text          0x000000008100e060      0x890 binaries/udp.o
                0x000000008100e060                udp_init
                0x000000008100e088                udp_in
                0x000000008100e174                udp_register
                0x000000008100e270                udp_recv
                0x000000008100e3a4                udp_recvaddr
                0x000000008100e4f4                udp_send
                0x000000008100e66c                udp_sendto
                0x000000008100e7cc                udp_release
                0x000000008100e888                udp_ntoh
                0x000000008100e8bc                udp_hton
 .text          0x000000008100e8f0      0x124 binaries/addargs.o
                0x000000008100e8f0                addargs
 .text          0x000000008100ea14      0x2b4 binaries/lexan.o
                0x000000008100ea14                lexan
 .text          0x000000008100ecc8      0x6ac binaries/shell.o
                0x000000008100ecc8                shell
 .text          0x000000008100f374       0x64 binaries/xsh_argecho.o
                0x000000008100f374                xsh_argecho
 .text          0x000000008100f3d8      0x1d4 binaries/xsh_arp.o
                0x000000008100f3d8                xsh_arp
 .text          0x000000008100f5ac      0x254 binaries/xsh_cat.o
                0x000000008100f5ac                xsh_cat
 .text          0x000000008100f800       0x60 binaries/xsh_clear.o
                0x000000008100f800                xsh_clear
 .text          0x000000008100f860      0x284 binaries/xsh_cpu_use.o
                0x000000008100f860                xsh_cpu_use
 .text          0x000000008100fae4      0x2b0 binaries/xsh_date.o
                0x000000008100fae4                xsh_date
 .text          0x000000008100fd94       0x9c binaries/xsh_devdump.o
                0x000000008100fd94                xsh_devdump
 .text          0x000000008100fe30       0x68 binaries/xsh_echo.o
                0x000000008100fe30                xsh_echo
 .text          0x000000008100fe98        0x8 binaries/xsh_exit.o
                0x000000008100fe98                xsh_exit
 .text          0x000000008100fea0      0x240 binaries/xsh_factorial.o
                0x000000008100fea0                xsh_factorial
 .text          0x00000000810100e0       0x3c binaries/xsh_factwait.o
                0x00000000810100e0                xsh_factwait
 .text          0x000000008101011c      0x3c0 binaries/xsh_help.o
                0x000000008101011c                xsh_help
 .text          0x00000000810104dc      0x364 binaries/xsh_ipaddr.o
                0x00000000810104dc                xsh_ipaddr
 .text          0x0000000081010840      0x20c binaries/xsh_kill.o
                0x0000000081010840                xsh_kill
 .text          0x0000000081010a4c      0x2bc binaries/xsh_led.o
                0x0000000081010a4c                xsh_led
 .text          0x0000000081010d08      0x45c binaries/xsh_memdump.o
                0x0000000081010e04                xsh_memdump
 .text          0x0000000081011164      0x22c binaries/xsh_memstat.o
                0x0000000081011164                xsh_memstat
 .text          0x0000000081011390      0x3d4 binaries/xsh_ping.o
                0x0000000081011390                xsh_ping
 .text          0x0000000081011764      0x228 binaries/xsh_ps.o
                0x0000000081011764                xsh_ps
 .text          0x000000008101198c      0x154 binaries/xsh_repeat.o
                0x000000008101198c                xsh_repeat
 .text          0x0000000081011ae0      0x1e4 binaries/xsh_sleep.o
                0x0000000081011ae0                xsh_sleep
 .text          0x0000000081011cc4      0x24c binaries/xsh_udpdump.o
                0x0000000081011cc4                xsh_udpdump
 .text          0x0000000081011f10      0x428 binaries/xsh_udpecho.o
                0x0000000081011f10                xsh_udpecho
 .text          0x0000000081012338      0x268 binaries/xsh_udpeserver.o
                0x0000000081012338                xsh_udpeserver
 .text          0x00000000810125a0      0x1bc binaries/xsh_uptime.o
                0x00000000810125a0                xsh_uptime
 .text          0x000000008101275c       0x2c binaries/ctxsw.o
                0x000000008101275c                ctxsw
 .text          0x0000000081012788      0x100 binaries/intr.o
                0x0000000081012788                disable
                0x0000000081012794                restore
                0x00000000810127b8                enable
                0x00000000810127c0                pause
                0x00000000810127c0                halt
                0x00000000810127c8                irq_except
                0x00000000810127f8                initevec
                0x0000000081012858                expjmpinstr
 .text          0x0000000081012888      0x114 ../cross_compiler/lib/gcc/arm-none-eabi/4.8.1//libgcc.a(_udivsi3.o)
                0x0000000081012888                __udivsi3
                0x0000000081012888                __aeabi_uidiv
                0x000000008101297c                __aeabi_uidivmod
 .text          0x000000008101299c      0x148 ../cross_compiler/lib/gcc/arm-none-eabi/4.8.1//libgcc.a(_divsi3.o)
                0x000000008101299c                __aeabi_idiv
                0x000000008101299c                __divsi3
                0x0000000081012ac4                __aeabi_idivmod
 .text          0x0000000081012ae4        0x4 ../cross_compiler/lib/gcc/arm-none-eabi/4.8.1//libgcc.a(_dvmd_tls.o)
                0x0000000081012ae4                __aeabi_ldiv0
                0x0000000081012ae4                __aeabi_idiv0
 .text          0x0000000081012ae8      0x41c ../cross_compiler/lib/gcc/arm-none-eabi/4.8.1//libgcc.a(_arm_addsubdf3.o)
                0x0000000081012ae8                __aeabi_drsub
                0x0000000081012af0                __aeabi_dsub
                0x0000000081012af0                __subdf3
                0x0000000081012af4                __adddf3
                0x0000000081012af4                __aeabi_dadd
                0x0000000081012e04                __aeabi_ui2d
                0x0000000081012e04                __floatunsidf
                0x0000000081012e28                __floatsidf
                0x0000000081012e28                __aeabi_i2d
                0x0000000081012e50                __extendsfdf2
                0x0000000081012e50                __aeabi_f2d
                0x0000000081012e90                __aeabi_ul2d
                0x0000000081012e90                __floatundidf
                0x0000000081012ea4                __floatdidf
                0x0000000081012ea4                __aeabi_l2d
 .text          0x0000000081012f04      0x49c ../cross_compiler/lib/gcc/arm-none-eabi/4.8.1//libgcc.a(_arm_muldivdf3.o)
                0x0000000081012f04                __aeabi_dmul
                0x0000000081012f04                __muldf3
                0x0000000081013194                __aeabi_ddiv
                0x0000000081013194                __divdf3
 *(.rodata .rodata.*)
 .rodata.str1.4
                0x00000000810133a0       0x78 binaries/ascdate.o
 .rodata.str1.4
                0x0000000081013418       0xcb binaries/conf.o
                                         0xcc (size before relaxing)
 *fill*         0x00000000810134e3        0x1 
 .rodata.str1.4
                0x00000000810134e4       0x60 binaries/getutime.o
 .rodata.str1.4
                0x0000000081013544      0x220 binaries/initialize.o
                                        0x224 (size before relaxing)
 .rodata.str1.4
                0x0000000081013764       0x56 binaries/main.o
                                         0x58 (size before relaxing)
 *fill*         0x00000000810137ba        0x2 
 .rodata.str1.4
                0x00000000810137bc       0x10 binaries/panic.o
 .rodata.str1.4
                0x00000000810137cc       0x1c binaries/ptinit.o
 .rodata.str1.4
                0x00000000810137e8       0x25 binaries/ptsend.o
                                         0x28 (size before relaxing)
 *fill*         0x000000008101380d        0x3 
 .rodata.str1.4
                0x0000000081013810       0x27 binaries/xdone.o
                                         0x28 (size before relaxing)
 *fill*         0x0000000081013837        0x1 
 .rodata        0x0000000081013838       0x84 binaries/ctype_.o
                0x0000000081013838                _ctype_
 .rodata.str1.4
                0x00000000810138bc       0x2f binaries/doprnt.o
                                         0x30 (size before relaxing)
 .rodata.str1.4
                0x00000000810138eb       0x30 binaries/fdoprnt.o
 *fill*         0x00000000810138eb        0x1 
 .rodata.str1.4
                0x00000000810138ec       0x86 binaries/naminit.o
                                         0x90 (size before relaxing)
 *fill*         0x0000000081013972        0x2 
 .rodata.str1.4
                0x0000000081013974       0xe5 binaries/ethinit.o
                                         0xe8 (size before relaxing)
 *fill*         0x0000000081013a59        0x3 
 .rodata.str1.4
                0x0000000081013a5c       0x12 binaries/ethread.o
                                         0x14 (size before relaxing)
 *fill*         0x0000000081013a6e        0x2 
 .rodata.str1.4
                0x0000000081013a70       0x2c binaries/rdsbufalloc.o
 .rodata.str1.4
                0x0000000081013a9c       0x76 binaries/rdscomm.o
                                         0x78 (size before relaxing)
 *fill*         0x0000000081013b12        0x2 
 .rodata.str1.4
                0x0000000081013b14       0x48 binaries/rdscontrol.o
 .rodata.str1.4
                0x0000000081013b5c       0x96 binaries/rdsinit.o
                                         0x98 (size before relaxing)
 *fill*         0x0000000081013bf2        0x2 
 .rodata.str1.4
                0x0000000081013bf4       0x22 binaries/rdsopen.o
                                         0x24 (size before relaxing)
 *fill*         0x0000000081013c16        0x2 
 .rodata.str1.4
                0x0000000081013c18       0x4d binaries/rdsprocess.o
                                         0x50 (size before relaxing)
 *fill*         0x0000000081013c65        0x3 
 .rodata.str1.4
                0x0000000081013c68        0x9 binaries/raminit.o
                                          0xc (size before relaxing)
 *fill*         0x0000000081013c71        0x3 
 .rodata.str1.4
                0x0000000081013c74       0x37 binaries/lfdballoc.o
                                         0x38 (size before relaxing)
 *fill*         0x0000000081013cab        0x1 
 .rodata.str1.4
                0x0000000081013cac       0x14 binaries/lfiballoc.o
 .rodata.str1.4
                0x0000000081013cc0       0x23 binaries/lflcontrol.o
                                         0x24 (size before relaxing)
 *fill*         0x0000000081013ce3        0x1 
 .rodata.str1.4
                0x0000000081013ce4       0xbb binaries/lfsckfmt.o
                                         0xbc (size before relaxing)
 *fill*         0x0000000081013d9f        0x1 
 .rodata.str1.4
                0x0000000081013da0       0x21 binaries/rflread.o
                                         0x24 (size before relaxing)
 .rodata.str1.4
                0x0000000081013dc1       0x24 binaries/rflwrite.o
 *fill*         0x0000000081013dc1        0x3 
 .rodata.str1.4
                0x0000000081013dc4       0x75 binaries/rfscomm.o
                                         0x78 (size before relaxing)
 *fill*         0x0000000081013e39        0x3 
 .rodata.str1.4
                0x0000000081013e3c       0x23 binaries/rfscontrol.o
                                         0x24 (size before relaxing)
 *fill*         0x0000000081013e5f        0x1 
 .rodata.str1.4
                0x0000000081013e60       0x63 binaries/rfsinit.o
                                         0x64 (size before relaxing)
 *fill*         0x0000000081013ec3        0x1 
 .rodata.str1.4
                0x0000000081013ec4       0x2a binaries/rfsndmsg.o
                                         0x2c (size before relaxing)
 .rodata.str1.4
                0x0000000081013eee       0x24 binaries/rfsopen.o
 *fill*         0x0000000081013eee        0x2 
 .rodata.str1.4
                0x0000000081013ef0       0x3d binaries/arp.o
                                         0x40 (size before relaxing)
 *fill*         0x0000000081013f2d        0x3 
 .rodata.str1.4
                0x0000000081013f30      0x462 binaries/dhcp.o
                                        0x468 (size before relaxing)
 *fill*         0x0000000081014392        0x2 
 .rodata.str1.4
                0x0000000081014394       0xca binaries/hexdump.o
                                         0xd8 (size before relaxing)
 *fill*         0x000000008101445e        0x2 
 .rodata.str1.4
                0x0000000081014460       0x29 binaries/icmp.o
                                         0x2c (size before relaxing)
 *fill*         0x0000000081014489        0x3 
 .rodata.str1.4
                0x000000008101448c       0x6e binaries/ip.o
                                         0x70 (size before relaxing)
 *fill*         0x00000000810144fa        0x2 
 .rodata.str1.4
                0x00000000810144fc       0x53 binaries/net.o
                                         0x54 (size before relaxing)
 *fill*         0x000000008101454f        0x1 
 .rodata.str1.4
                0x0000000081014550       0xcf binaries/netstart.o
                                         0xd0 (size before relaxing)
 *fill*         0x000000008101461f        0x1 
 .rodata.str1.4
                0x0000000081014620      0x292 binaries/pdump.o
                                        0x298 (size before relaxing)
 *fill*         0x00000000810148b2        0x2 
 .rodata.str1.4
                0x00000000810148b4      0x175 binaries/tftp.o
                                        0x17c (size before relaxing)
 *fill*         0x0000000081014a29        0x3 
 .rodata        0x0000000081014a2c      0x12c binaries/shell.o
                0x0000000081014a2c                cmdtab
 .rodata.str1.4
                0x0000000081014b58      0x311 binaries/shell.o
                                        0x31c (size before relaxing)
 *fill*         0x0000000081014e69        0x3 
 .rodata.str1.4
                0x0000000081014e6c       0x29 binaries/xsh_argecho.o
                                         0x30 (size before relaxing)
 *fill*         0x0000000081014e95        0x3 
 .rodata.str1.4
                0x0000000081014e98      0x13e binaries/xsh_arp.o
                                        0x144 (size before relaxing)
 *fill*         0x0000000081014fd6        0x2 
 .rodata.str1.4
                0x0000000081014fd8       0x81 binaries/xsh_cat.o
                                         0xd4 (size before relaxing)
 *fill*         0x0000000081015059        0x3 
 .rodata.str1.4
                0x000000008101505c       0x15 binaries/xsh_clear.o
                                         0x18 (size before relaxing)
 *fill*         0x0000000081015071        0x3 
 .rodata        0x0000000081015074       0x20 binaries/xsh_cpu_use.o
 .rodata.str1.4
                0x0000000081015094       0xde binaries/xsh_cpu_use.o
                                         0xf0 (size before relaxing)
 *fill*         0x0000000081015172        0x2 
 .rodata.str1.4
                0x0000000081015174      0x1af binaries/xsh_date.o
                                        0x1cc (size before relaxing)
 *fill*         0x0000000081015323        0x1 
 .rodata.str1.4
                0x0000000081015324       0x61 binaries/xsh_devdump.o
                                         0x64 (size before relaxing)
 *fill*         0x0000000081015385        0x3 
 .rodata.str1.4
                0x0000000081015388        0x8 binaries/xsh_echo.o
                                          0xc (size before relaxing)
 .rodata.str1.4
                0x0000000081015390      0x196 binaries/xsh_factorial.o
                                        0x1a8 (size before relaxing)
 *fill*         0x0000000081015526        0x2 
 .rodata.str1.4
                0x0000000081015528       0xe7 binaries/xsh_help.o
                                        0x17c (size before relaxing)
 *fill*         0x000000008101560f        0x1 
 .rodata.str1.4
                0x0000000081015610       0xfb binaries/xsh_ipaddr.o
                                        0x1ac (size before relaxing)
 *fill*         0x000000008101570b        0x1 
 .rodata.str1.4
                0x000000008101570c       0xc8 binaries/xsh_kill.o
                                        0x138 (size before relaxing)
 .rodata.str1.4
                0x00000000810157d4       0xf7 binaries/xsh_led.o
                                        0x16c (size before relaxing)
 *fill*         0x00000000810158cb        0x1 
 .rodata.str1.4
                0x00000000810158cc      0x1e2 binaries/xsh_memdump.o
                                        0x264 (size before relaxing)
 *fill*         0x0000000081015aae        0x2 
 .rodata.str1.4
                0x0000000081015ab0      0x1cc binaries/xsh_memstat.o
                                        0x234 (size before relaxing)
 .rodata.str1.4
                0x0000000081015c7c      0x13f binaries/xsh_ping.o
                                        0x1b4 (size before relaxing)
 *fill*         0x0000000081015dbb        0x1 
 .rodata        0x0000000081015dbc       0x20 binaries/xsh_ps.o
 .rodata.str1.4
                0x0000000081015ddc       0xba binaries/xsh_ps.o
                                        0x1d4 (size before relaxing)
 *fill*         0x0000000081015e96        0x2 
 .rodata        0x0000000081015e98        0x8 binaries/xsh_repeat.o
 .rodata.str1.4
                0x0000000081015ea0        0x6 binaries/xsh_repeat.o
                                         0x14 (size before relaxing)
 *fill*         0x0000000081015ea6        0x2 
 .rodata.str1.4
                0x0000000081015ea8       0x5e binaries/xsh_sleep.o
                                         0xf8 (size before relaxing)
 *fill*         0x0000000081015f06        0x2 
 .rodata        0x0000000081015f08        0xc binaries/xsh_udpdump.o
 .rodata.str1.4
                0x0000000081015f14      0x122 binaries/xsh_udpdump.o
                                        0x1e0 (size before relaxing)
 *fill*         0x0000000081016036        0x2 
 .rodata.str1.4
                0x0000000081016038      0x1ae binaries/xsh_udpecho.o
                                        0x224 (size before relaxing)
 *fill*         0x00000000810161e6        0x2 
 .rodata.str1.4
                0x00000000810161e8       0x97 binaries/xsh_udpeserver.o
                                        0x13c (size before relaxing)
 *fill*         0x000000008101627f        0x1 
 .rodata.str1.4
                0x0000000081016280       0x78 binaries/xsh_uptime.o
                                        0x114 (size before relaxing)
                0x00000000810162f8                etext = ABSOLUTE (.)
                0x0000000081017000                . = ALIGN (0x1000)
 *fill*         0x00000000810162f8      0xd08 

.glue_7         0x0000000081017000        0x0
 .glue_7        0x0000000081017000        0x0 linker stubs

.glue_7t        0x0000000081017000        0x0
 .glue_7t       0x0000000081017000        0x0 linker stubs

.vfp11_veneer   0x0000000081017000        0x0
 .vfp11_veneer  0x0000000081017000        0x0 linker stubs

.v4_bx          0x0000000081017000        0x0
 .v4_bx         0x0000000081017000        0x0 linker stubs

.iplt           0x0000000081017000        0x0
 .iplt          0x0000000081017000        0x0 binaries/start.o

.rel.dyn        0x0000000081017000        0x0
 .rel.iplt      0x0000000081017000        0x0 binaries/start.o

.data           0x0000000081017000     0x1000
                0x0000000081017000                data = ABSOLUTE (.)
 *(.data .data.*)
 .data          0x0000000081017000        0x0 binaries/start.o
 .data          0x0000000081017000       0x88 binaries/ascdate.o
                0x0000000081017000                Date
 .data          0x0000000081017088        0x0 binaries/bufinit.o
 .data          0x0000000081017088        0x0 binaries/chprio.o
 .data          0x0000000081017088        0x4 binaries/clkhandler.o
 .data          0x000000008101708c        0x0 binaries/clkinit.o
 .data          0x000000008101708c        0x0 binaries/close.o
 .data          0x000000008101708c      0x5a0 binaries/conf.o
                0x000000008101708c                devtab
 .data          0x000000008101762c        0x0 binaries/control.o
 .data          0x000000008101762c        0x4 binaries/create.o
 .data          0x0000000081017630       0x40 binaries/evec.o
                0x0000000081017630                expmsg2
                0x0000000081017644                expmsg1
 .data          0x0000000081017670        0x0 binaries/exit.o
 .data          0x0000000081017670        0x0 binaries/freebuf.o
 .data          0x0000000081017670        0x0 binaries/freemem.o
 .data          0x0000000081017670        0x0 binaries/getbuf.o
 .data          0x0000000081017670        0x0 binaries/getc.o
 .data          0x0000000081017670        0x0 binaries/getdev.o
 .data          0x0000000081017670        0x0 binaries/getitem.o
 .data          0x0000000081017670        0x0 binaries/getmem.o
 .data          0x0000000081017670        0x0 binaries/getpid.o
 .data          0x0000000081017670        0x0 binaries/getprio.o
 .data          0x0000000081017670        0x0 binaries/getstk.o
 .data          0x0000000081017670        0x0 binaries/gettime.o
 .data          0x0000000081017670        0x0 binaries/getutime.o
 .data          0x0000000081017670        0x0 binaries/init.o
 .data          0x0000000081017670        0x0 binaries/initialize.o
 .data          0x0000000081017670        0x0 binaries/insert.o
 .data          0x0000000081017670        0x0 binaries/insertd.o
 .data          0x0000000081017670        0x0 binaries/ioerr.o
 .data          0x0000000081017670        0x0 binaries/ionull.o
 .data          0x0000000081017670        0x0 binaries/kill.o
 .data          0x0000000081017670        0x0 binaries/kprintf.o
 .data          0x0000000081017670        0x4 binaries/main.o
                0x0000000081017670                gcounter
 .data          0x0000000081017674        0x0 binaries/mark.o
 .data          0x0000000081017674        0x0 binaries/meminit.o
 .data          0x0000000081017674        0x0 binaries/mkbufpool.o
 .data          0x0000000081017674        0x2 binaries/newqueue.o
 .data          0x0000000081017676        0x0 binaries/open.o
 .data          0x0000000081017676        0x0 binaries/panic.o
 .data          0x0000000081017676        0x0 binaries/platinit.o
 .data          0x0000000081017676        0x0 binaries/ptclear.o
 .data          0x0000000081017676        0x0 binaries/ptcount.o
 .data          0x0000000081017676        0x0 binaries/ptcreate.o
 .data          0x0000000081017676        0x0 binaries/ptdelete.o
 .data          0x0000000081017676        0x0 binaries/ptinit.o
 .data          0x0000000081017676        0x0 binaries/ptrecv.o
 .data          0x0000000081017676        0x0 binaries/ptreset.o
 .data          0x0000000081017676        0x0 binaries/ptsend.o
 .data          0x0000000081017676        0x0 binaries/putc.o
 .data          0x0000000081017676        0x0 binaries/queue.o
 .data          0x0000000081017676        0x0 binaries/read.o
 .data          0x0000000081017676        0x0 binaries/ready.o
 .data          0x0000000081017676        0x0 binaries/receive.o
 .data          0x0000000081017676        0x0 binaries/record_cpu.o
 .data          0x0000000081017676        0x0 binaries/recvclr.o
 .data          0x0000000081017676        0x0 binaries/recvtime.o
 .data          0x0000000081017676        0x0 binaries/resched.o
 .data          0x0000000081017676        0x0 binaries/resume.o
 .data          0x0000000081017676        0x0 binaries/seek.o
 .data          0x0000000081017676        0x0 binaries/select.o
 .data          0x0000000081017676        0x0 binaries/semcount.o
 .data          0x0000000081017676        0x0 binaries/semcreate.o
 .data          0x0000000081017676        0x0 binaries/semdelete.o
 .data          0x0000000081017676        0x0 binaries/semreset.o
 .data          0x0000000081017676        0x0 binaries/send.o
 .data          0x0000000081017676        0x0 binaries/signal.o
 .data          0x0000000081017676        0x0 binaries/signaln.o
 .data          0x0000000081017676        0x0 binaries/sleep.o
 .data          0x0000000081017676        0x0 binaries/suspend.o
 .data          0x0000000081017676        0x0 binaries/unsleep.o
 .data          0x0000000081017676        0x0 binaries/userret.o
 .data          0x0000000081017676        0x0 binaries/wait.o
 .data          0x0000000081017676        0x0 binaries/wakeup.o
 .data          0x0000000081017676        0x0 binaries/watchdog.o
 .data          0x0000000081017676        0x0 binaries/write.o
 .data          0x0000000081017676        0x0 binaries/xdone.o
 .data          0x0000000081017676        0x0 binaries/yield.o
 .data          0x0000000081017676        0x0 binaries/abs.o
 .data          0x0000000081017676        0x0 binaries/atoi.o
 .data          0x0000000081017676        0x0 binaries/atol.o
 .data          0x0000000081017676        0x0 binaries/bzero.o
 .data          0x0000000081017676        0x0 binaries/ctype_.o
 .data          0x0000000081017676        0x0 binaries/doprnt.o
 *fill*         0x0000000081017676        0x2 
 .data          0x0000000081017678       0x80 binaries/doscan.o
                0x0000000081017678                _sctab
 .data          0x00000000810176f8        0x0 binaries/fdoprnt.o
 .data          0x00000000810176f8        0x0 binaries/fgetc.o
 .data          0x00000000810176f8        0x0 binaries/fgets.o
 .data          0x00000000810176f8        0x0 binaries/fprintf.o
 .data          0x00000000810176f8        0x0 binaries/fputc.o
 .data          0x00000000810176f8        0x0 binaries/fputs.o
 .data          0x00000000810176f8        0x0 binaries/fscanf.o
 .data          0x00000000810176f8        0x0 binaries/getchar.o
 .data          0x00000000810176f8        0x0 binaries/labs.o
 .data          0x00000000810176f8        0x0 binaries/memchr.o
 .data          0x00000000810176f8        0x0 binaries/memcmp.o
 .data          0x00000000810176f8        0x0 binaries/memcpy.o
 .data          0x00000000810176f8        0x0 binaries/memset.o
 .data          0x00000000810176f8        0x0 binaries/printf.o
 .data          0x00000000810176f8        0x0 binaries/putchar.o
 .data          0x00000000810176f8        0x0 binaries/qsort.o
 .data          0x00000000810176f8        0x4 binaries/rand.o
 .data          0x00000000810176fc        0x0 binaries/sprintf.o
 .data          0x00000000810176fc        0x0 binaries/sscanf.o
 .data          0x00000000810176fc        0x0 binaries/strchr.o
 .data          0x00000000810176fc        0x0 binaries/strcmp.o
 .data          0x00000000810176fc        0x0 binaries/strcpy.o
 .data          0x00000000810176fc        0x0 binaries/strlen.o
 .data          0x00000000810176fc        0x0 binaries/strncat.o
 .data          0x00000000810176fc        0x0 binaries/strncmp.o
 .data          0x00000000810176fc        0x0 binaries/strncpy.o
 .data          0x00000000810176fc        0x0 binaries/strnlen.o
 .data          0x00000000810176fc        0x0 binaries/strrchr.o
 .data          0x00000000810176fc        0x0 binaries/strstr.o
 .data          0x00000000810176fc        0x0 binaries/ttycontrol.o
 .data          0x00000000810176fc        0x0 binaries/ttygetc.o
 .data          0x00000000810176fc        0x0 binaries/ttyhandle_in.o
 .data          0x00000000810176fc        0x0 binaries/ttyhandle_out.o
 .data          0x00000000810176fc        0x0 binaries/ttyhandler.o
 .data          0x00000000810176fc        0x0 binaries/ttyinit.o
 .data          0x00000000810176fc        0x0 binaries/ttykickout.o
 .data          0x00000000810176fc        0x0 binaries/ttyputc.o
 .data          0x00000000810176fc        0x0 binaries/ttyread.o
 .data          0x00000000810176fc        0x0 binaries/ttywrite.o
 .data          0x00000000810176fc        0x0 binaries/mount.o
 .data          0x00000000810176fc        0x0 binaries/naminit.o
 .data          0x00000000810176fc        0x0 binaries/nammap.o
 .data          0x00000000810176fc        0x0 binaries/namopen.o
 .data          0x00000000810176fc        0x0 binaries/colon2mac.o
 .data          0x00000000810176fc        0x0 binaries/ethcontrol.o
 .data          0x00000000810176fc        0x0 binaries/ethhandler.o
 .data          0x00000000810176fc        0x0 binaries/ethinit.o
 .data          0x00000000810176fc        0x0 binaries/ethread.o
 .data          0x00000000810176fc        0x0 binaries/ethwrite.o
 .data          0x00000000810176fc        0x0 binaries/rdsbufalloc.o
 .data          0x00000000810176fc        0x0 binaries/rdsclose.o
 .data          0x00000000810176fc        0x0 binaries/rdscomm.o
 .data          0x00000000810176fc        0x0 binaries/rdscontrol.o
 .data          0x00000000810176fc        0x0 binaries/rdsinit.o
 .data          0x00000000810176fc        0x0 binaries/rdsopen.o
 .data          0x00000000810176fc        0x0 binaries/rdsprocess.o
 .data          0x00000000810176fc        0x0 binaries/rdsread.o
 .data          0x00000000810176fc        0x0 binaries/rdswrite.o
 .data          0x00000000810176fc        0x0 binaries/ramclose.o
 .data          0x00000000810176fc        0x0 binaries/raminit.o
 .data          0x00000000810176fc        0x0 binaries/ramopen.o
 .data          0x00000000810176fc        0x0 binaries/ramread.o
 .data          0x00000000810176fc        0x0 binaries/ramwrite.o
 .data          0x00000000810176fc        0x0 binaries/lfdballoc.o
 .data          0x00000000810176fc        0x0 binaries/lfdbfree.o
 .data          0x00000000810176fc        0x0 binaries/lfflush.o
 .data          0x00000000810176fc        0x0 binaries/lfgetmode.o
 .data          0x00000000810176fc        0x0 binaries/lfiballoc.o
 .data          0x00000000810176fc        0x0 binaries/lfibclear.o
 .data          0x00000000810176fc        0x0 binaries/lfibget.o
 .data          0x00000000810176fc        0x0 binaries/lfibput.o
 .data          0x00000000810176fc        0x0 binaries/lflclose.o
 .data          0x00000000810176fc        0x0 binaries/lflcontrol.o
 .data          0x00000000810176fc        0x0 binaries/lflgetc.o
 .data          0x00000000810176fc        0x0 binaries/lflinit.o
 .data          0x00000000810176fc        0x0 binaries/lflputc.o
 .data          0x00000000810176fc        0x0 binaries/lflread.o
 .data          0x00000000810176fc        0x0 binaries/lflseek.o
 .data          0x00000000810176fc        0x0 binaries/lflwrite.o
 .data          0x00000000810176fc        0x0 binaries/lfsckfmt.o
 .data          0x00000000810176fc        0x0 binaries/lfscreate.o
 .data          0x00000000810176fc        0x0 binaries/lfsetup.o
 .data          0x00000000810176fc        0x0 binaries/lfsinit.o
 .data          0x00000000810176fc        0x0 binaries/lfsopen.o
 .data          0x00000000810176fc        0x0 binaries/lftruncate.o
 .data          0x00000000810176fc        0x0 binaries/rflclose.o
 .data          0x00000000810176fc        0x0 binaries/rflgetc.o
 .data          0x00000000810176fc        0x0 binaries/rflinit.o
 .data          0x00000000810176fc        0x0 binaries/rflputc.o
 .data          0x00000000810176fc        0x0 binaries/rflread.o
 .data          0x00000000810176fc        0x0 binaries/rflseek.o
 .data          0x00000000810176fc        0x0 binaries/rflwrite.o
 .data          0x00000000810176fc        0x0 binaries/rfscomm.o
 .data          0x00000000810176fc        0x0 binaries/rfscontrol.o
 .data          0x00000000810176fc        0x0 binaries/rfsgetmode.o
 .data          0x00000000810176fc        0x0 binaries/rfsinit.o
 .data          0x00000000810176fc        0x0 binaries/rfsndmsg.o
 .data          0x00000000810176fc        0x0 binaries/rfsopen.o
 .data          0x00000000810176fc        0x0 binaries/arp.o
 .data          0x00000000810176fc        0x0 binaries/dhcp.o
 .data          0x00000000810176fc        0x0 binaries/dns.o
 .data          0x00000000810176fc        0x0 binaries/dot2ip.o
 .data          0x00000000810176fc        0x0 binaries/hexdump.o
 .data          0x00000000810176fc        0x4 binaries/icmp.o
 .data          0x0000000081017700        0x0 binaries/ip.o
 .data          0x0000000081017700        0x0 binaries/net.o
 .data          0x0000000081017700        0x0 binaries/netstart.o
 .data          0x0000000081017700        0x0 binaries/pdump.o
 .data          0x0000000081017700        0x0 binaries/tftp.o
 .data          0x0000000081017700        0x4 binaries/udp.o
 .data          0x0000000081017704        0x0 binaries/addargs.o
 .data          0x0000000081017704        0x0 binaries/lexan.o
 .data          0x0000000081017704        0x4 binaries/shell.o
                0x0000000081017704                ncmd
 .data          0x0000000081017708        0x0 binaries/xsh_argecho.o
 .data          0x0000000081017708        0x0 binaries/xsh_arp.o
 .data          0x0000000081017708        0x0 binaries/xsh_cat.o
 .data          0x0000000081017708        0x0 binaries/xsh_clear.o
 .data          0x0000000081017708        0x0 binaries/xsh_cpu_use.o
 .data          0x0000000081017708        0x0 binaries/xsh_date.o
 .data          0x0000000081017708        0x0 binaries/xsh_devdump.o
 .data          0x0000000081017708        0x0 binaries/xsh_echo.o
 .data          0x0000000081017708        0x0 binaries/xsh_exit.o
 .data          0x0000000081017708        0x0 binaries/xsh_factorial.o
 .data          0x0000000081017708        0x0 binaries/xsh_factwait.o
 .data          0x0000000081017708        0x0 binaries/xsh_help.o
 .data          0x0000000081017708        0x0 binaries/xsh_ipaddr.o
 .data          0x0000000081017708        0x0 binaries/xsh_kill.o
 .data          0x0000000081017708        0x0 binaries/xsh_led.o
 .data          0x0000000081017708        0x0 binaries/xsh_memdump.o
 .data          0x0000000081017708        0x0 binaries/xsh_memstat.o
 .data          0x0000000081017708        0x0 binaries/xsh_ping.o
 .data          0x0000000081017708        0x0 binaries/xsh_ps.o
 .data          0x0000000081017708        0x0 binaries/xsh_repeat.o
 .data          0x0000000081017708        0x0 binaries/xsh_sleep.o
 .data          0x0000000081017708        0x0 binaries/xsh_udpdump.o
 .data          0x0000000081017708        0x0 binaries/xsh_udpecho.o
 .data          0x0000000081017708        0x0 binaries/xsh_udpeserver.o
 .data          0x0000000081017708        0x0 binaries/xsh_uptime.o
 .data          0x0000000081017708        0x0 binaries/ctxsw.o
 .data          0x0000000081017708        0x0 binaries/intr.o
 .data          0x0000000081017708        0x0 ../cross_compiler/lib/gcc/arm-none-eabi/4.8.1//libgcc.a(_udivsi3.o)
 .data          0x0000000081017708        0x0 ../cross_compiler/lib/gcc/arm-none-eabi/4.8.1//libgcc.a(_divsi3.o)
 .data          0x0000000081017708        0x0 ../cross_compiler/lib/gcc/arm-none-eabi/4.8.1//libgcc.a(_dvmd_tls.o)
 .data          0x0000000081017708        0x0 ../cross_compiler/lib/gcc/arm-none-eabi/4.8.1//libgcc.a(_arm_addsubdf3.o)
 .data          0x0000000081017708        0x0 ../cross_compiler/lib/gcc/arm-none-eabi/4.8.1//libgcc.a(_arm_muldivdf3.o)
                0x0000000081017708                edata = ABSOLUTE (.)
                0x0000000081018000                . = ALIGN (0x1000)
 *fill*         0x0000000081017708      0x8f8 

.igot.plt       0x0000000081018000        0x0
 .igot.plt      0x0000000081018000        0x0 binaries/start.o

.bss            0x0000000081018000    0x21000
                0x0000000081018000                bss = ABSOLUTE (.)
 *(.bss .bss.*)
 .bss           0x0000000081018000        0x0 binaries/start.o
 .bss           0x0000000081018000        0x0 binaries/ascdate.o
 .bss           0x0000000081018000        0x0 binaries/bufinit.o
 .bss           0x0000000081018000        0x0 binaries/chprio.o
 .bss           0x0000000081018000        0x4 binaries/clkhandler.o
                0x0000000081018000                clktimems
 .bss           0x0000000081018004        0x4 binaries/clkinit.o
                0x0000000081018004                ctr1000
 .bss           0x0000000081018008        0x0 binaries/close.o
 .bss           0x0000000081018008        0x0 binaries/conf.o
 .bss           0x0000000081018008        0x0 binaries/control.o
 .bss           0x0000000081018008        0x0 binaries/create.o
 .bss           0x0000000081018008        0x0 binaries/evec.o
 .bss           0x0000000081018008        0x0 binaries/exit.o
 .bss           0x0000000081018008        0x0 binaries/freebuf.o
 .bss           0x0000000081018008        0x0 binaries/freemem.o
 .bss           0x0000000081018008        0x0 binaries/getbuf.o
 .bss           0x0000000081018008        0x0 binaries/getc.o
 .bss           0x0000000081018008        0x0 binaries/getdev.o
 .bss           0x0000000081018008        0x0 binaries/getitem.o
 .bss           0x0000000081018008        0x0 binaries/getmem.o
 .bss           0x0000000081018008        0x0 binaries/getpid.o
 .bss           0x0000000081018008        0x0 binaries/getprio.o
 .bss           0x0000000081018008        0x0 binaries/getstk.o
 .bss           0x0000000081018008        0x0 binaries/gettime.o
 .bss           0x0000000081018008        0x0 binaries/getutime.o
 .bss           0x0000000081018008        0x0 binaries/init.o
 .bss           0x0000000081018008        0x0 binaries/initialize.o
 .bss           0x0000000081018008        0x0 binaries/insert.o
 .bss           0x0000000081018008        0x0 binaries/insertd.o
 .bss           0x0000000081018008        0x0 binaries/ioerr.o
 .bss           0x0000000081018008        0x0 binaries/ionull.o
 .bss           0x0000000081018008        0x0 binaries/kill.o
 .bss           0x0000000081018008        0x0 binaries/kprintf.o
 .bss           0x0000000081018008        0x0 binaries/main.o
 .bss           0x0000000081018008        0x0 binaries/mark.o
 .bss           0x0000000081018008        0x0 binaries/meminit.o
 .bss           0x0000000081018008        0x0 binaries/mkbufpool.o
 .bss           0x0000000081018008        0x0 binaries/newqueue.o
 .bss           0x0000000081018008        0x0 binaries/open.o
 .bss           0x0000000081018008        0x0 binaries/panic.o
 .bss           0x0000000081018008        0x0 binaries/platinit.o
 .bss           0x0000000081018008        0x0 binaries/ptclear.o
 .bss           0x0000000081018008        0x0 binaries/ptcount.o
 .bss           0x0000000081018008        0x0 binaries/ptcreate.o
 .bss           0x0000000081018008        0x0 binaries/ptdelete.o
 .bss           0x0000000081018008        0x0 binaries/ptinit.o
 .bss           0x0000000081018008        0x0 binaries/ptrecv.o
 .bss           0x0000000081018008        0x0 binaries/ptreset.o
 .bss           0x0000000081018008        0x0 binaries/ptsend.o
 .bss           0x0000000081018008        0x0 binaries/putc.o
 .bss           0x0000000081018008        0x0 binaries/queue.o
 .bss           0x0000000081018008        0x0 binaries/read.o
 .bss           0x0000000081018008        0x0 binaries/ready.o
 .bss           0x0000000081018008        0x0 binaries/receive.o
 .bss           0x0000000081018008        0x0 binaries/record_cpu.o
 .bss           0x0000000081018008        0x0 binaries/recvclr.o
 .bss           0x0000000081018008        0x0 binaries/recvtime.o
 .bss           0x0000000081018008        0x0 binaries/resched.o
 .bss           0x0000000081018008        0x0 binaries/resume.o
 .bss           0x0000000081018008        0x0 binaries/seek.o
 .bss           0x0000000081018008        0x0 binaries/select.o
 .bss           0x0000000081018008        0x0 binaries/semcount.o
 .bss           0x0000000081018008        0x4 binaries/semcreate.o
 .bss           0x000000008101800c        0x0 binaries/semdelete.o
 .bss           0x000000008101800c        0x0 binaries/semreset.o
 .bss           0x000000008101800c        0x0 binaries/send.o
 .bss           0x000000008101800c        0x0 binaries/signal.o
 .bss           0x000000008101800c        0x0 binaries/signaln.o
 .bss           0x000000008101800c        0x0 binaries/sleep.o
 .bss           0x000000008101800c        0x0 binaries/suspend.o
 .bss           0x000000008101800c        0x0 binaries/unsleep.o
 .bss           0x000000008101800c        0x0 binaries/userret.o
 .bss           0x000000008101800c        0x0 binaries/wait.o
 .bss           0x000000008101800c        0x0 binaries/wakeup.o
 .bss           0x000000008101800c        0x0 binaries/watchdog.o
 .bss           0x000000008101800c        0x0 binaries/write.o
 .bss           0x000000008101800c        0x0 binaries/xdone.o
 .bss           0x000000008101800c        0x0 binaries/yield.o
 .bss           0x000000008101800c        0x0 binaries/abs.o
 .bss           0x000000008101800c        0x0 binaries/atoi.o
 .bss           0x000000008101800c        0x0 binaries/atol.o
 .bss           0x000000008101800c        0x0 binaries/bzero.o
 .bss           0x000000008101800c        0x0 binaries/ctype_.o
 .bss           0x000000008101800c        0x0 binaries/doprnt.o
 .bss           0x000000008101800c        0x0 binaries/doscan.o
 .bss           0x000000008101800c        0x0 binaries/fdoprnt.o
 .bss           0x000000008101800c        0x0 binaries/fgetc.o
 .bss           0x000000008101800c        0x0 binaries/fgets.o
 .bss           0x000000008101800c        0x0 binaries/fprintf.o
 .bss           0x000000008101800c        0x0 binaries/fputc.o
 .bss           0x000000008101800c        0x0 binaries/fputs.o
 .bss           0x000000008101800c        0x0 binaries/fscanf.o
 .bss           0x000000008101800c        0x0 binaries/getchar.o
 .bss           0x000000008101800c        0x0 binaries/labs.o
 .bss           0x000000008101800c        0x0 binaries/memchr.o
 .bss           0x000000008101800c        0x0 binaries/memcmp.o
 .bss           0x000000008101800c        0x0 binaries/memcpy.o
 .bss           0x000000008101800c        0x0 binaries/memset.o
 .bss           0x000000008101800c        0x0 binaries/printf.o
 .bss           0x000000008101800c        0x0 binaries/putchar.o
 .bss           0x000000008101800c        0x8 binaries/qsort.o
 .bss           0x0000000081018014        0x0 binaries/rand.o
 .bss           0x0000000081018014        0x0 binaries/sprintf.o
 .bss           0x0000000081018014        0x0 binaries/sscanf.o
 .bss           0x0000000081018014        0x0 binaries/strchr.o
 .bss           0x0000000081018014        0x0 binaries/strcmp.o
 .bss           0x0000000081018014        0x0 binaries/strcpy.o
 .bss           0x0000000081018014        0x0 binaries/strlen.o
 .bss           0x0000000081018014        0x0 binaries/strncat.o
 .bss           0x0000000081018014        0x0 binaries/strncmp.o
 .bss           0x0000000081018014        0x0 binaries/strncpy.o
 .bss           0x0000000081018014        0x0 binaries/strnlen.o
 .bss           0x0000000081018014        0x0 binaries/strrchr.o
 .bss           0x0000000081018014        0x0 binaries/strstr.o
 .bss           0x0000000081018014        0x0 binaries/ttycontrol.o
 .bss           0x0000000081018014        0x0 binaries/ttygetc.o
 .bss           0x0000000081018014        0x0 binaries/ttyhandle_in.o
 .bss           0x0000000081018014        0x0 binaries/ttyhandle_out.o
 .bss           0x0000000081018014        0x0 binaries/ttyhandler.o
 .bss           0x0000000081018014        0x0 binaries/ttyinit.o
 .bss           0x0000000081018014        0x0 binaries/ttykickout.o
 .bss           0x0000000081018014        0x0 binaries/ttyputc.o
 .bss           0x0000000081018014        0x0 binaries/ttyread.o
 .bss           0x0000000081018014        0x0 binaries/ttywrite.o
 .bss           0x0000000081018014        0x0 binaries/mount.o
 .bss           0x0000000081018014        0x0 binaries/naminit.o
 .bss           0x0000000081018014        0x0 binaries/nammap.o
 .bss           0x0000000081018014        0x0 binaries/namopen.o
 .bss           0x0000000081018014        0x0 binaries/colon2mac.o
 .bss           0x0000000081018014        0x0 binaries/ethcontrol.o
 .bss           0x0000000081018014        0x0 binaries/ethhandler.o
 .bss           0x0000000081018014        0x0 binaries/ethinit.o
 .bss           0x0000000081018014        0x0 binaries/ethread.o
 .bss           0x0000000081018014        0x0 binaries/ethwrite.o
 .bss           0x0000000081018014        0x0 binaries/rdsbufalloc.o
 .bss           0x0000000081018014        0x0 binaries/rdsclose.o
 .bss           0x0000000081018014        0x0 binaries/rdscomm.o
 .bss           0x0000000081018014        0x0 binaries/rdscontrol.o
 .bss           0x0000000081018014        0x0 binaries/rdsinit.o
 .bss           0x0000000081018014        0x0 binaries/rdsopen.o
 .bss           0x0000000081018014        0x0 binaries/rdsprocess.o
 .bss           0x0000000081018014        0x0 binaries/rdsread.o
 .bss           0x0000000081018014        0x0 binaries/rdswrite.o
 .bss           0x0000000081018014        0x0 binaries/ramclose.o
 .bss           0x0000000081018014        0x0 binaries/raminit.o
 .bss           0x0000000081018014        0x0 binaries/ramopen.o
 .bss           0x0000000081018014        0x0 binaries/ramread.o
 .bss           0x0000000081018014        0x0 binaries/ramwrite.o
 .bss           0x0000000081018014        0x0 binaries/lfdballoc.o
 .bss           0x0000000081018014        0x0 binaries/lfdbfree.o
 .bss           0x0000000081018014        0x0 binaries/lfflush.o
 .bss           0x0000000081018014        0x0 binaries/lfgetmode.o
 .bss           0x0000000081018014        0x0 binaries/lfiballoc.o
 .bss           0x0000000081018014        0x0 binaries/lfibclear.o
 .bss           0x0000000081018014        0x0 binaries/lfibget.o
 .bss           0x0000000081018014        0x0 binaries/lfibput.o
 .bss           0x0000000081018014        0x0 binaries/lflclose.o
 .bss           0x0000000081018014        0x0 binaries/lflcontrol.o
 .bss           0x0000000081018014        0x0 binaries/lflgetc.o
 .bss           0x0000000081018014        0x0 binaries/lflinit.o
 .bss           0x0000000081018014        0x0 binaries/lflputc.o
 .bss           0x0000000081018014        0x0 binaries/lflread.o
 .bss           0x0000000081018014        0x0 binaries/lflseek.o
 .bss           0x0000000081018014        0x0 binaries/lflwrite.o
 .bss           0x0000000081018014        0x0 binaries/lfsckfmt.o
 .bss           0x0000000081018014        0x0 binaries/lfscreate.o
 .bss           0x0000000081018014        0x0 binaries/lfsetup.o
 .bss           0x0000000081018014        0x0 binaries/lfsinit.o
 .bss           0x0000000081018014        0x0 binaries/lfsopen.o
 .bss           0x0000000081018014        0x0 binaries/lftruncate.o
 .bss           0x0000000081018014        0x0 binaries/rflclose.o
 .bss           0x0000000081018014        0x0 binaries/rflgetc.o
 .bss           0x0000000081018014        0x0 binaries/rflinit.o
 .bss           0x0000000081018014        0x0 binaries/rflputc.o
 .bss           0x0000000081018014        0x0 binaries/rflread.o
 .bss           0x0000000081018014        0x0 binaries/rflseek.o
 .bss           0x0000000081018014        0x0 binaries/rflwrite.o
 .bss           0x0000000081018014        0x0 binaries/rfscomm.o
 .bss           0x0000000081018014        0x0 binaries/rfscontrol.o
 .bss           0x0000000081018014        0x0 binaries/rfsgetmode.o
 .bss           0x0000000081018014        0x0 binaries/rfsinit.o
 .bss           0x0000000081018014        0x0 binaries/rfsndmsg.o
 .bss           0x0000000081018014        0x0 binaries/rfsopen.o
 .bss           0x0000000081018014        0x0 binaries/arp.o
 .bss           0x0000000081018014        0x0 binaries/dhcp.o
 .bss           0x0000000081018014        0x0 binaries/dns.o
 .bss           0x0000000081018014        0x0 binaries/dot2ip.o
 .bss           0x0000000081018014        0x0 binaries/hexdump.o
 .bss           0x0000000081018014        0x0 binaries/icmp.o
 .bss           0x0000000081018014        0x0 binaries/ip.o
 .bss           0x0000000081018014        0x0 binaries/net.o
 .bss           0x0000000081018014        0x0 binaries/netstart.o
 .bss           0x0000000081018014        0x0 binaries/pdump.o
 .bss           0x0000000081018014        0x0 binaries/tftp.o
 .bss           0x0000000081018014        0x0 binaries/udp.o
 .bss           0x0000000081018014        0x0 binaries/addargs.o
 .bss           0x0000000081018014        0x0 binaries/lexan.o
 .bss           0x0000000081018014        0x0 binaries/shell.o
 .bss           0x0000000081018014        0x0 binaries/xsh_argecho.o
[...]
 .ARM.attributes
                0x00000000000022ed       0x35 binaries/rflclose.o
 .ARM.attributes
                0x0000000000002322       0x35 binaries/rflgetc.o
 .ARM.attributes
                0x0000000000002357       0x35 binaries/rflinit.o
 .ARM.attributes
                0x000000000000238c       0x35 binaries/rflputc.o
 .ARM.attributes
                0x00000000000023c1       0x35 binaries/rflread.o
 .ARM.attributes
                0x00000000000023f6       0x35 binaries/rflseek.o
 .ARM.attributes
                0x000000000000242b       0x35 binaries/rflwrite.o
 .ARM.attributes
                0x0000000000002460       0x35 binaries/rfscomm.o
 .ARM.attributes
                0x0000000000002495       0x35 binaries/rfscontrol.o
 .ARM.attributes
                0x00000000000024ca       0x35 binaries/rfsgetmode.o
 .ARM.attributes
                0x00000000000024ff       0x35 binaries/rfsinit.o
 .ARM.attributes
                0x0000000000002534       0x35 binaries/rfsndmsg.o
 .ARM.attributes
                0x0000000000002569       0x35 binaries/rfsopen.o
 .ARM.attributes
                0x000000000000259e       0x35 binaries/arp.o
 .ARM.attributes
                0x00000000000025d3       0x35 binaries/dhcp.o
 .ARM.attributes
                0x0000000000002608       0x35 binaries/dns.o
 .ARM.attributes
                0x000000000000263d       0x35 binaries/dot2ip.o
 .ARM.attributes
                0x0000000000002672       0x35 binaries/hexdump.o
 .ARM.attributes
                0x00000000000026a7       0x35 binaries/icmp.o
 .ARM.attributes
                0x00000000000026dc       0x35 binaries/ip.o
 .ARM.attributes
                0x0000000000002711       0x35 binaries/net.o
 .ARM.attributes
                0x0000000000002746       0x35 binaries/netstart.o
 .ARM.attributes
                0x000000000000277b       0x35 binaries/pdump.o
 .ARM.attributes
                0x00000000000027b0       0x35 binaries/tftp.o
 .ARM.attributes
                0x00000000000027e5       0x35 binaries/udp.o
 .ARM.attributes
                0x000000000000281a       0x35 binaries/addargs.o
 .ARM.attributes
                0x000000000000284f       0x35 binaries/lexan.o
 .ARM.attributes
                0x0000000000002884       0x35 binaries/shell.o
 .ARM.attributes
                0x00000000000028b9       0x35 binaries/xsh_argecho.o
 .ARM.attributes
                0x00000000000028ee       0x35 binaries/xsh_arp.o
 .ARM.attributes
                0x0000000000002923       0x35 binaries/xsh_cat.o
 .ARM.attributes
                0x0000000000002958       0x35 binaries/xsh_clear.o
 .ARM.attributes
                0x000000000000298d       0x35 binaries/xsh_cpu_use.o
 .ARM.attributes
                0x00000000000029c2       0x35 binaries/xsh_date.o
 .ARM.attributes
                0x00000000000029f7       0x35 binaries/xsh_devdump.o
 .ARM.attributes
                0x0000000000002a2c       0x35 binaries/xsh_echo.o
 .ARM.attributes
                0x0000000000002a61       0x35 binaries/xsh_exit.o
 .ARM.attributes
                0x0000000000002a96       0x35 binaries/xsh_factorial.o
 .ARM.attributes
                0x0000000000002acb       0x35 binaries/xsh_factwait.o
 .ARM.attributes
                0x0000000000002b00       0x35 binaries/xsh_help.o
 .ARM.attributes
                0x0000000000002b35       0x35 binaries/xsh_ipaddr.o
 .ARM.attributes
                0x0000000000002b6a       0x35 binaries/xsh_kill.o
 .ARM.attributes
                0x0000000000002b9f       0x35 binaries/xsh_led.o
 .ARM.attributes
                0x0000000000002bd4       0x35 binaries/xsh_memdump.o
 .ARM.attributes
                0x0000000000002c09       0x35 binaries/xsh_memstat.o
 .ARM.attributes
                0x0000000000002c3e       0x35 binaries/xsh_ping.o
 .ARM.attributes
                0x0000000000002c73       0x35 binaries/xsh_ps.o
 .ARM.attributes
                0x0000000000002ca8       0x35 binaries/xsh_repeat.o
 .ARM.attributes
                0x0000000000002cdd       0x35 binaries/xsh_sleep.o
 .ARM.attributes
                0x0000000000002d12       0x35 binaries/xsh_udpdump.o
 .ARM.attributes
                0x0000000000002d47       0x35 binaries/xsh_udpecho.o
 .ARM.attributes
                0x0000000000002d7c       0x35 binaries/xsh_udpeserver.o
 .ARM.attributes
                0x0000000000002db1       0x35 binaries/xsh_uptime.o
 .ARM.attributes
                0x0000000000002de6       0x25 binaries/ctxsw.o
 .ARM.attributes
                0x0000000000002e0b       0x25 binaries/intr.o
 .ARM.attributes
                0x0000000000002e30       0x18 ../cross_compiler/lib/gcc/arm-none-eabi/4.8.1//libgcc.a(_udivsi3.o)
 .ARM.attributes
                0x0000000000002e48       0x18 ../cross_compiler/lib/gcc/arm-none-eabi/4.8.1//libgcc.a(_divsi3.o)
 .ARM.attributes
                0x0000000000002e60       0x18 ../cross_compiler/lib/gcc/arm-none-eabi/4.8.1//libgcc.a(_dvmd_tls.o)
 .ARM.attributes
                0x0000000000002e78       0x18 ../cross_compiler/lib/gcc/arm-none-eabi/4.8.1//libgcc.a(_arm_addsubdf3.o)
 .ARM.attributes
                0x0000000000002e90       0x18 ../cross_compiler/lib/gcc/arm-none-eabi/4.8.1//libgcc.a(_arm_muldivdf3.o)

.comment        0x0000000000000000       0x20
 .comment       0x0000000000000000       0x20 binaries/ascdate.o
                                         0x21 (size before relaxing)
 .comment       0x0000000000000020       0x21 binaries/bufinit.o
 .comment       0x0000000000000020       0x21 binaries/chprio.o
 .comment       0x0000000000000020       0x21 binaries/clkhandler.o
 .comment       0x0000000000000020       0x21 binaries/clkinit.o
 .comment       0x0000000000000020       0x21 binaries/close.o
 .comment       0x0000000000000020       0x21 binaries/conf.o
 .comment       0x0000000000000020       0x21 binaries/control.o
 .comment       0x0000000000000020       0x21 binaries/create.o
 .comment       0x0000000000000020       0x21 binaries/evec.o
 .comment       0x0000000000000020       0x21 binaries/exit.o
 .comment       0x0000000000000020       0x21 binaries/freebuf.o
 .comment       0x0000000000000020       0x21 binaries/freemem.o
 .comment       0x0000000000000020       0x21 binaries/getbuf.o
 .comment       0x0000000000000020       0x21 binaries/getc.o
 .comment       0x0000000000000020       0x21 binaries/getdev.o
 .comment       0x0000000000000020       0x21 binaries/getitem.o
 .comment       0x0000000000000020       0x21 binaries/getmem.o
 .comment       0x0000000000000020       0x21 binaries/getpid.o
 .comment       0x0000000000000020       0x21 binaries/getprio.o
 .comment       0x0000000000000020       0x21 binaries/getstk.o
 .comment       0x0000000000000020       0x21 binaries/gettime.o
 .comment       0x0000000000000020       0x21 binaries/getutime.o
 .comment       0x0000000000000020       0x21 binaries/init.o
 .comment       0x0000000000000020       0x21 binaries/initialize.o
 .comment       0x0000000000000020       0x21 binaries/insert.o
 .comment       0x0000000000000020       0x21 binaries/insertd.o
 .comment       0x0000000000000020       0x21 binaries/ioerr.o
 .comment       0x0000000000000020       0x21 binaries/ionull.o
 .comment       0x0000000000000020       0x21 binaries/kill.o
 .comment       0x0000000000000020       0x21 binaries/kprintf.o
 .comment       0x0000000000000020       0x21 binaries/main.o
 .comment       0x0000000000000020       0x21 binaries/mark.o
 .comment       0x0000000000000020       0x21 binaries/meminit.o
 .comment       0x0000000000000020       0x21 binaries/mkbufpool.o
 .comment       0x0000000000000020       0x21 binaries/newqueue.o
 .comment       0x0000000000000020       0x21 binaries/open.o
 .comment       0x0000000000000020       0x21 binaries/panic.o
 .comment       0x0000000000000020       0x21 binaries/platinit.o
 .comment       0x0000000000000020       0x21 binaries/ptclear.o
 .comment       0x0000000000000020       0x21 binaries/ptcount.o
 .comment       0x0000000000000020       0x21 binaries/ptcreate.o
 .comment       0x0000000000000020       0x21 binaries/ptdelete.o
 .comment       0x0000000000000020       0x21 binaries/ptinit.o
 .comment       0x0000000000000020       0x21 binaries/ptrecv.o
 .comment       0x0000000000000020       0x21 binaries/ptreset.o
 .comment       0x0000000000000020       0x21 binaries/ptsend.o
 .comment       0x0000000000000020       0x21 binaries/putc.o
 .comment       0x0000000000000020       0x21 binaries/queue.o
 .comment       0x0000000000000020       0x21 binaries/read.o
 .comment       0x0000000000000020       0x21 binaries/ready.o
 .comment       0x0000000000000020       0x21 binaries/receive.o
 .comment       0x0000000000000020       0x21 binaries/record_cpu.o
 .comment       0x0000000000000020       0x21 binaries/recvclr.o
 .comment       0x0000000000000020       0x21 binaries/recvtime.o
 .comment       0x0000000000000020       0x21 binaries/resched.o
 .comment       0x0000000000000020       0x21 binaries/resume.o
 .comment       0x0000000000000020       0x21 binaries/seek.o
 .comment       0x0000000000000020       0x21 binaries/select.o
 .comment       0x0000000000000020       0x21 binaries/semcount.o
 .comment       0x0000000000000020       0x21 binaries/semcreate.o
 .comment       0x0000000000000020       0x21 binaries/semdelete.o
 .comment       0x0000000000000020       0x21 binaries/semreset.o
 .comment       0x0000000000000020       0x21 binaries/send.o
 .comment       0x0000000000000020       0x21 binaries/signal.o
 .comment       0x0000000000000020       0x21 binaries/signaln.o
 .comment       0x0000000000000020       0x21 binaries/sleep.o
 .comment       0x0000000000000020       0x21 binaries/suspend.o
 .comment       0x0000000000000020       0x21 binaries/unsleep.o
 .comment       0x0000000000000020       0x21 binaries/userret.o
 .comment       0x0000000000000020       0x21 binaries/wait.o
 .comment       0x0000000000000020       0x21 binaries/wakeup.o
 .comment       0x0000000000000020       0x21 binaries/watchdog.o
 .comment       0x0000000000000020       0x21 binaries/write.o
 .comment       0x0000000000000020       0x21 binaries/xdone.o
 .comment       0x0000000000000020       0x21 binaries/yield.o
 .comment       0x0000000000000020       0x21 binaries/abs.o
 .comment       0x0000000000000020       0x21 binaries/atoi.o
 .comment       0x0000000000000020       0x21 binaries/atol.o
 .comment       0x0000000000000020       0x21 binaries/bzero.o
 .comment       0x0000000000000020       0x21 binaries/ctype_.o
 .comment       0x0000000000000020       0x21 binaries/doprnt.o
 .comment       0x0000000000000020       0x21 binaries/doscan.o
 .comment       0x0000000000000020       0x21 binaries/fdoprnt.o
 .comment       0x0000000000000020       0x21 binaries/fgetc.o
 .comment       0x0000000000000020       0x21 binaries/fgets.o
 .comment       0x0000000000000020       0x21 binaries/fprintf.o
 .comment       0x0000000000000020       0x21 binaries/fputc.o
 .comment       0x0000000000000020       0x21 binaries/fputs.o
 .comment       0x0000000000000020       0x21 binaries/fscanf.o
 .comment       0x0000000000000020       0x21 binaries/getchar.o
 .comment       0x0000000000000020       0x21 binaries/labs.o
 .comment       0x0000000000000020       0x21 binaries/memchr.o
 .comment       0x0000000000000020       0x21 binaries/memcmp.o
 .comment       0x0000000000000020       0x21 binaries/memcpy.o
 .comment       0x0000000000000020       0x21 binaries/memset.o
 .comment       0x0000000000000020       0x21 binaries/printf.o
 .comment       0x0000000000000020       0x21 binaries/putchar.o
 .comment       0x0000000000000020       0x21 binaries/qsort.o
 .comment       0x0000000000000020       0x21 binaries/rand.o
 .comment       0x0000000000000020       0x21 binaries/sprintf.o
 .comment       0x0000000000000020       0x21 binaries/sscanf.o
 .comment       0x0000000000000020       0x21 binaries/strchr.o
 .comment       0x0000000000000020       0x21 binaries/strcmp.o
 .comment       0x0000000000000020       0x21 binaries/strcpy.o
 .comment       0x0000000000000020       0x21 binaries/strlen.o
 .comment       0x0000000000000020       0x21 binaries/strncat.o
 .comment       0x0000000000000020       0x21 binaries/strncmp.o
 .comment       0x0000000000000020       0x21 binaries/strncpy.o
 .comment       0x0000000000000020       0x21 binaries/strnlen.o
 .comment       0x0000000000000020       0x21 binaries/strrchr.o
 .comment       0x0000000000000020       0x21 binaries/strstr.o
 .comment       0x0000000000000020       0x21 binaries/ttycontrol.o
 .comment       0x0000000000000020       0x21 binaries/ttygetc.o
 .comment       0x0000000000000020       0x21 binaries/ttyhandle_in.o
 .comment       0x0000000000000020       0x21 binaries/ttyhandle_out.o
 .comment       0x0000000000000020       0x21 binaries/ttyhandler.o
 .comment       0x0000000000000020       0x21 binaries/ttyinit.o
 .comment       0x0000000000000020       0x21 binaries/ttykickout.o
 .comment       0x0000000000000020       0x21 binaries/ttyputc.o
 .comment       0x0000000000000020       0x21 binaries/ttyread.o
 .comment       0x0000000000000020       0x21 binaries/ttywrite.o
 .comment       0x0000000000000020       0x21 binaries/mount.o
 .comment       0x0000000000000020       0x21 binaries/naminit.o
 .comment       0x0000000000000020       0x21 binaries/nammap.o
 .comment       0x0000000000000020       0x21 binaries/namopen.o
 .comment       0x0000000000000020       0x21 binaries/colon2mac.o
 .comment       0x0000000000000020       0x21 binaries/ethcontrol.o
 .comment       0x0000000000000020       0x21 binaries/ethhandler.o
 .comment       0x0000000000000020       0x21 binaries/ethinit.o
 .comment       0x0000000000000020       0x21 binaries/ethread.o
 .comment       0x0000000000000020       0x21 binaries/ethwrite.o
 .comment       0x0000000000000020       0x21 binaries/rdsbufalloc.o
 .comment       0x0000000000000020       0x21 binaries/rdsclose.o
 .comment       0x0000000000000020       0x21 binaries/rdscomm.o
 .comment       0x0000000000000020       0x21 binaries/rdscontrol.o
 .comment       0x0000000000000020       0x21 binaries/rdsinit.o
 .comment       0x0000000000000020       0x21 binaries/rdsopen.o
 .comment       0x0000000000000020       0x21 binaries/rdsprocess.o
 .comment       0x0000000000000020       0x21 binaries/rdsread.o
 .comment       0x0000000000000020       0x21 binaries/rdswrite.o
 .comment       0x0000000000000020       0x21 binaries/ramclose.o
 .comment       0x0000000000000020       0x21 binaries/raminit.o
 .comment       0x0000000000000020       0x21 binaries/ramopen.o
 .comment       0x0000000000000020       0x21 binaries/ramread.o
 .comment       0x0000000000000020       0x21 binaries/ramwrite.o
 .comment       0x0000000000000020       0x21 binaries/lfdballoc.o
 .comment       0x0000000000000020       0x21 binaries/lfdbfree.o
 .comment       0x0000000000000020       0x21 binaries/lfflush.o
 .comment       0x0000000000000020       0x21 binaries/lfgetmode.o
 .comment       0x0000000000000020       0x21 binaries/lfiballoc.o
 .comment       0x0000000000000020       0x21 binaries/lfibclear.o
 .comment       0x0000000000000020       0x21 binaries/lfibget.o
 .comment       0x0000000000000020       0x21 binaries/lfibput.o
 .comment       0x0000000000000020       0x21 binaries/lflclose.o
 .comment       0x0000000000000020       0x21 binaries/lflcontrol.o
 .comment       0x0000000000000020       0x21 binaries/lflgetc.o
 .comment       0x0000000000000020       0x21 binaries/lflinit.o
 .comment       0x0000000000000020       0x21 binaries/lflputc.o
 .comment       0x0000000000000020       0x21 binaries/lflread.o
 .comment       0x0000000000000020       0x21 binaries/lflseek.o
 .comment       0x0000000000000020       0x21 binaries/lflwrite.o
 .comment       0x0000000000000020       0x21 binaries/lfsckfmt.o
 .comment       0x0000000000000020       0x21 binaries/lfscreate.o
 .comment       0x0000000000000020       0x21 binaries/lfsetup.o
 .comment       0x0000000000000020       0x21 binaries/lfsinit.o
 .comment       0x0000000000000020       0x21 binaries/lfsopen.o
 .comment       0x0000000000000020       0x21 binaries/lftruncate.o
 .comment       0x0000000000000020       0x21 binaries/rflclose.o
 .comment       0x0000000000000020       0x21 binaries/rflgetc.o
 .comment       0x0000000000000020       0x21 binaries/rflinit.o
 .comment       0x0000000000000020       0x21 binaries/rflputc.o
 .comment       0x0000000000000020       0x21 binaries/rflread.o
 .comment       0x0000000000000020       0x21 binaries/rflseek.o
 .comment       0x0000000000000020       0x21 binaries/rflwrite.o
 .comment       0x0000000000000020       0x21 binaries/rfscomm.o
 .comment       0x0000000000000020       0x21 binaries/rfscontrol.o
 .comment       0x0000000000000020       0x21 binaries/rfsgetmode.o
 .comment       0x0000000000000020       0x21 binaries/rfsinit.o
 .comment       0x0000000000000020       0x21 binaries/rfsndmsg.o
 .comment       0x0000000000000020       0x21 binaries/rfsopen.o
 .comment       0x0000000000000020       0x21 binaries/arp.o
 .comment       0x0000000000000020       0x21 binaries/dhcp.o
 .comment       0x0000000000000020       0x21 binaries/dns.o
 .comment       0x0000000000000020       0x21 binaries/dot2ip.o
 .comment       0x0000000000000020       0x21 binaries/hexdump.o
 .comment       0x0000000000000020       0x21 binaries/icmp.o
 .comment       0x0000000000000020       0x21 binaries/ip.o
 .comment       0x0000000000000020       0x21 binaries/net.o
 .comment       0x0000000000000020       0x21 binaries/netstart.o
 .comment       0x0000000000000020       0x21 binaries/pdump.o
 .comment       0x0000000000000020       0x21 binaries/tftp.o
 .comment       0x0000000000000020       0x21 binaries/udp.o
 .comment       0x0000000000000020       0x21 binaries/addargs.o
 .comment       0x0000000000000020       0x21 binaries/lexan.o
 .comment       0x0000000000000020       0x21 binaries/shell.o
 .comment       0x0000000000000020       0x21 binaries/xsh_argecho.o
 .comment       0x0000000000000020       0x21 binaries/xsh_arp.o
 .comment       0x0000000000000020       0x21 binaries/xsh_cat.o
 .comment       0x0000000000000020       0x21 binaries/xsh_clear.o
 .comment       0x0000000000000020       0x21 binaries/xsh_cpu_use.o
 .comment       0x0000000000000020       0x21 binaries/xsh_date.o
 .comment       0x0000000000000020       0x21 binaries/xsh_devdump.o
 .comment       0x0000000000000020       0x21 binaries/xsh_echo.o
 .comment       0x0000000000000020       0x21 binaries/xsh_exit.o
 .comment       0x0000000000000020       0x21 binaries/xsh_factorial.o
 .comment       0x0000000000000020       0x21 binaries/xsh_factwait.o
 .comment       0x0000000000000020       0x21 binaries/xsh_help.o
 .comment       0x0000000000000020       0x21 binaries/xsh_ipaddr.o
 .comment       0x0000000000000020       0x21 binaries/xsh_kill.o
 .comment       0x0000000000000020       0x21 binaries/xsh_led.o
 .comment       0x0000000000000020       0x21 binaries/xsh_memdump.o
 .comment       0x0000000000000020       0x21 binaries/xsh_memstat.o
 .comment       0x0000000000000020       0x21 binaries/xsh_ping.o
 .comment       0x0000000000000020       0x21 binaries/xsh_ps.o
 .comment       0x0000000000000020       0x21 binaries/xsh_repeat.o
 .comment       0x0000000000000020       0x21 binaries/xsh_sleep.o
 .comment       0x0000000000000020       0x21 binaries/xsh_udpdump.o
 .comment       0x0000000000000020       0x21 binaries/xsh_udpecho.o
 .comment       0x0000000000000020       0x21 binaries/xsh_udpeserver.o
 .comment       0x0000000000000020       0x21 binaries/xsh_uptime.o

.debug_frame    0x0000000000000000       0x40
 .debug_frame   0x0000000000000000       0x20 ../cross_compiler/lib/gcc/arm-none-eabi/4.8.1//libgcc.a(_udivsi3.o)
 .debug_frame   0x0000000000000020       0x20 ../cross_compiler/lib/gcc/arm-none-eabi/4.8.1//libgcc.a(_divsi3.o)
