Archive member included to satisfy reference by file (symbol)

../cross_compiler/lib/gcc/arm-none-eabi/4.8.1//libgcc.a(_udivsi3.o)
                              binaries/qsort.o (__aeabi_uidiv)
../cross_compiler/lib/gcc/arm-none-eabi/4.8.1//libgcc.a(_divsi3.o)
                              binaries/xsh_help.o (__aeabi_idiv)
../cross_compiler/lib/gcc/arm-none-eabi/4.8.1//libgcc.a(_dvmd_tls.o)
                              ../cross_compiler/lib/gcc/arm-none-eabi/4.8.1//libgcc.a(_udivsi3.o) (__aeabi_idiv0)

Allocating common symbols
Common symbol       size              file

netbufpool          0x4               binaries/net.o
procs_finished      0xc               binaries/initialize.o
readylist           0x2               binaries/ready.o
rfltab              0x5a0             binaries/rflinit.o
scratchlist         0x2               binaries/initialize.o
sleepq              0x2               binaries/clkinit.o
intc_vector         0x200             binaries/evec.o
nnames              0x4               binaries/naminit.o
udptab              0x168             binaries/udp.o
minheap             0x4               binaries/meminit.o
marks               0x50              binaries/mark.o
currpid             0x4               binaries/initialize.o
shared_data1        0x28              binaries/xsh_rwb_test.o
Lf_data             0x20c             binaries/lfsinit.o
porttab             0x2d0             binaries/ptinit.o
ttytab              0x10c             binaries/ttyinit.o
proctab             0x6590            binaries/initialize.o
eth_a_regs          0x1c              binaries/ethinit.o
prcount             0x4               binaries/initialize.o
readycount          0x2               binaries/initialize.o
lfltab              0xf00             binaries/lflinit.o
rdstab              0x8c              binaries/rdsinit.o
ethertab            0x138             binaries/ethinit.o
rwbtestid           0x8               binaries/xsh_rwb_test.o
nsaddr              0x4               binaries/dns.o
NetData             0xa8              binaries/net.o
nmarks              0x4               binaries/mark.o
state_times         0xc0              binaries/initialize.o
rwbflags            0xc8              binaries/initialize.o
Defer               0x8               binaries/resched.o
semtab              0x4b0             binaries/initialize.o
maxheap             0x4               binaries/meminit.o
preempt             0x4               binaries/clkinit.o
buftab              0xf0              binaries/bufinit.o
Rf_data             0x18              binaries/rfsinit.o
rwbtab              0xa0              binaries/initialize.o
shared_data2        0x28              binaries/xsh_rwb_test.o
mkmutex             0x4               binaries/mark.o
_mstime_now         0x8               binaries/record_cpu.o
debug_mask          0x2               binaries/initialize.o
clktime             0x4               binaries/clkinit.o
cpudelay            0x4               binaries/main.o
arpcache            0x140             binaries/arp.o
icmptab             0x230             binaries/icmp.o
nbpools             0x4               binaries/bufinit.o
queuetab            0x9f0             binaries/queue.o
ptnextid            0x4               binaries/ptinit.o
Ram                 0x19000           binaries/raminit.o
ipoqueue            0x2c              binaries/ip.o
memlist             0x10              binaries/initialize.o
nametab             0x19a0            binaries/naminit.o
ptfree              0x4               binaries/ptinit.o

Memory Configuration

Name             Origin             Length             Attributes
*default*        0x0000000000000000 0xffffffffffffffff

Linker script and memory map

                0x0000000081000000                physbase = 0x81000000
                0x0000000081000000                . = physbase
                0x0000000081000000                . = ALIGN (0x1000)

.text           0x0000000081000000    0x1b000
                0x0000000081000000                text = ABSOLUTE (.)
 *(.text .text.*)
 .text          0x0000000081000000       0x4c binaries/start.o
                0x0000000081000000                start
 .text          0x000000008100004c      0x35c binaries/ascdate.o
                0x000000008100004c                ascdate
 .text          0x00000000810003a8       0x18 binaries/bufinit.o
                0x00000000810003a8                bufinit
 .text          0x00000000810003c0       0x7c binaries/chprio.o
                0x00000000810003c0                chprio
 .text          0x000000008100043c       0xf4 binaries/clear_cpuqdata.o
                0x000000008100043c                clear_cpuqdata
 .text          0x0000000081000530      0x17c binaries/clkhandler.o
                0x0000000081000530                clkhandler
 .text          0x00000000810006ac       0xd4 binaries/clkinit.o
                0x00000000810006ac                clkinit
 .text          0x0000000081000780       0x50 binaries/close.o
                0x0000000081000780                close
 .text          0x00000000810007d0        0x0 binaries/conf.o
 .text          0x00000000810007d0       0x68 binaries/control.o
                0x00000000810007d0                control
 .text          0x0000000081000838      0x3fc binaries/create.o
                0x0000000081000838                create
 .text          0x0000000081000c34       0xb0 binaries/evec.o
                0x0000000081000c34                initintc
                0x0000000081000c60                set_evec
                0x0000000081000ca0                irq_dispatch
 .text          0x0000000081000ce4       0x10 binaries/exit.o
                0x0000000081000ce4                exit
 .text          0x0000000081000cf4       0x7c binaries/freebuf.o
                0x0000000081000cf4                freebuf
 .text          0x0000000081000d70      0x224 binaries/freemem.o
                0x0000000081000d70                freemem
 .text          0x0000000081000f94      0x300 binaries/freestk.o
                0x0000000081000f94                freestk
 .text          0x0000000081001294       0x78 binaries/getbuf.o
                0x0000000081001294                getbuf
 .text          0x000000008100130c       0x50 binaries/getc.o
                0x000000008100130c                getc
 .text          0x000000008100135c       0x68 binaries/getdev.o
                0x000000008100135c                getdev
 .text          0x00000000810013c4       0xa0 binaries/getitem.o
                0x00000000810013c4                getitem
                0x00000000810013f4                getfirst
                0x0000000081001428                getlast
 .text          0x0000000081001464      0x2cc binaries/getmem.o
                0x0000000081001464                getmem
 .text          0x0000000081001730       0x10 binaries/getpid.o
                0x0000000081001730                getpid
 .text          0x0000000081001740       0x5c binaries/getprio.o
                0x0000000081001740                getprio
 .text          0x000000008100179c      0x348 binaries/getstk.o
                0x000000008100179c                getstk
 .text          0x0000000081001ae4       0x38 binaries/gettime.o
                0x0000000081001ae4                gettime
 .text          0x0000000081001b1c      0x1c8 binaries/getutime.o
                0x0000000081001b1c                getutime
 .text          0x0000000081001ce4       0x50 binaries/init.o
                0x0000000081001ce4                init
 .text          0x0000000081001d34      0x5c4 binaries/initialize.o
                0x0000000081001d34                nulluser
                0x0000000081002298                stop
                0x00000000810022bc                delay
 .text          0x00000000810022f8       0xc0 binaries/insert.o
                0x00000000810022f8                insert
 .text          0x00000000810023b8      0x12c binaries/insertd.o
                0x00000000810023b8                insertd
 .text          0x00000000810024e4        0x8 binaries/ioerr.o
                0x00000000810024e4                ioerr
 .text          0x00000000810024ec        0x8 binaries/ionull.o
                0x00000000810024ec                ionull
 .text          0x00000000810024f4      0x254 binaries/kill.o
                0x00000000810024f4                kill
 .text          0x0000000081002748       0xb4 binaries/kprintf.o
                0x0000000081002748                kputc
                0x0000000081002788                kgetc
                0x00000000810027bc                kprintf
 .text          0x00000000810027fc      0x13c binaries/main.o
                0x00000000810027fc                counterproc
                0x0000000081002838                reshell
                0x0000000081002864                main
 .text          0x0000000081002938       0xd0 binaries/mark.o
                0x0000000081002938                markinit
                0x0000000081002964                mark
 .text          0x0000000081002a08       0x9c binaries/mem2.o
                0x0000000081002a08                printfreemem
 .text          0x0000000081002aa4       0x54 binaries/meminit.o
                0x0000000081002aa4                meminit
 .text          0x0000000081002af8      0x138 binaries/mkbufpool.o
                0x0000000081002af8                mkbufpool
 .text          0x0000000081002c30       0x80 binaries/newqueue.o
                0x0000000081002c30                newqueue
 .text          0x0000000081002cb0       0x60 binaries/open.o
                0x0000000081002cb0                open
 .text          0x0000000081002d10       0x20 binaries/panic.o
                0x0000000081002d10                panic
 .text          0x0000000081002d30       0x24 binaries/platinit.o
                0x0000000081002d30                platinit
 .text          0x0000000081002d54       0xa8 binaries/ptclear.o
                0x0000000081002d54                _ptclear
 .text          0x0000000081002dfc       0x78 binaries/ptcount.o
                0x0000000081002dfc                ptcount
 .text          0x0000000081002e74       0xdc binaries/ptcreate.o
                0x0000000081002e74                ptcreate
 .text          0x0000000081002f50       0x74 binaries/ptdelete.o
                0x0000000081002f50                ptdelete
 .text          0x0000000081002fc4       0xbc binaries/ptinit.o
                0x0000000081002fc4                ptinit
 .text          0x0000000081003080       0xd0 binaries/ptrecv.o
                0x0000000081003080                ptrecv
 .text          0x0000000081003150       0x68 binaries/ptreset.o
                0x0000000081003150                ptreset
 .text          0x00000000810031b8       0xf4 binaries/ptsend.o
                0x00000000810031b8                ptsend
 .text          0x00000000810032ac       0x58 binaries/putc.o
                0x00000000810032ac                putc
 .text          0x0000000081003304      0x174 binaries/queue.o
                0x0000000081003304                enqueue
                0x0000000081003388                dequeue
                0x00000000810033e0                copyqueue
 .text          0x0000000081003478       0x60 binaries/read.o
                0x0000000081003478                read
 .text          0x00000000810034d8       0xa0 binaries/ready.o
                0x00000000810034d8                ready
 .text          0x0000000081003578       0x64 binaries/receive.o
                0x0000000081003578                receive
 .text          0x00000000810035dc      0x45c binaries/record_cpu.o
                0x00000000810035dc                cputime
                0x0000000081003658                record_cpuqdata
                0x00000000810038f0                dtimer
 .text          0x0000000081003a38       0x48 binaries/recvclr.o
                0x0000000081003a38                recvclr
 .text          0x0000000081003a80       0xc0 binaries/recvtime.o
                0x0000000081003a80                recvtime
 .text          0x0000000081003b40      0x200 binaries/resched.o
                0x0000000081003b40                resched
                0x0000000081003c84                resched_cntl
 .text          0x0000000081003d40      0x10c binaries/resume.o
                0x0000000081003d40                resume
 .text          0x0000000081003e4c      0x95c binaries/rwblocker.o
                0x0000000081003e4c                rwbcreate
                0x0000000081003ef8                rwbdelete
                0x0000000081003fb8                rwbreset
                0x0000000081004070                print_rwb_debug
                0x0000000081004430                rwb_trywrite
                0x0000000081004528                rwb_tryread
                0x0000000081004620                _signalrwb
                0x000000008100478c                signalrwb
 .text          0x00000000810047a8       0x58 binaries/seek.o
                0x00000000810047a8                seek
 .text          0x0000000081004800        0x0 binaries/select.o
 .text          0x0000000081004800       0x58 binaries/semcount.o
                0x0000000081004800                semcount
 .text          0x0000000081004858       0xb8 binaries/semcreate.o
                0x0000000081004858                semcreate
 .text          0x0000000081004910       0xac binaries/semdelete.o
                0x0000000081004910                semdelete
 .text          0x00000000810049bc       0xa4 binaries/semreset.o
                0x00000000810049bc                semreset
 .text          0x0000000081004a60       0xc0 binaries/send.o
                0x0000000081004a60                send
 .text          0x0000000081004b20       0x6c binaries/setenv.o
                0x0000000081004b20                setenv
 .text          0x0000000081004b8c      0x188 binaries/setprio.o
                0x0000000081004b8c                setprio
 .text          0x0000000081004d14      0x2e4 binaries/sets.o
                0x0000000081004d14                set_scheduler
                0x0000000081004ea4                set_cpuqdata
                0x0000000081004f10                set_cmdhistory
                0x0000000081004f44                set_dblevel
                0x0000000081004fa4                set_dbgroup
 .text          0x0000000081004ff8       0x80 binaries/signal.o
                0x0000000081004ff8                signal
 .text          0x0000000081005078       0xb0 binaries/signaln.o
                0x0000000081005078                signaln
 .text          0x0000000081005128       0xdc binaries/sleep.o
                0x0000000081005128                sleepms
                0x00000000810051d0                sleep
 .text          0x0000000081005204       0xd0 binaries/suspend.o
                0x0000000081005204                suspend
 .text          0x00000000810052d4       0xb8 binaries/unsleep.o
                0x00000000810052d4                unsleep
 .text          0x000000008100538c       0x10 binaries/userret.o
                0x000000008100538c                userret
 .text          0x000000008100539c       0xb4 binaries/wait.o
                0x000000008100539c                wait
 .text          0x0000000081005450       0xa0 binaries/wakeup.o
                0x0000000081005450                wakeup
 .text          0x00000000810054f0       0x4c binaries/watchdog.o
                0x00000000810054f0                wddisable
 .text          0x000000008100553c       0x60 binaries/write.o
                0x000000008100553c                write
 .text          0x000000008100559c       0x18 binaries/xdone.o
                0x000000008100559c                xdone
 .text          0x00000000810055b4       0x20 binaries/yield.o
                0x00000000810055b4                yield
 .text          0x00000000810055d4        0xc binaries/abs.o
                0x00000000810055d4                abs
 .text          0x00000000810055e0      0x114 binaries/atoi.o
                0x00000000810055e0                atoi
 .text          0x00000000810056f4      0x114 binaries/atol.o
                0x00000000810056f4                atol
 .text          0x0000000081005808       0x20 binaries/bzero.o
                0x0000000081005808                bzero
 .text          0x0000000081005828        0x0 binaries/ctype_.o
 .text          0x0000000081005828      0x930 binaries/doprnt.o
                0x0000000081005a0c                _doprnt
 .text          0x0000000081006158      0x6fc binaries/doscan.o
                0x0000000081006158                _doscan
 .text          0x0000000081006854      0x8b4 binaries/fdoprnt.o
                0x0000000081006900                _fdoprnt
 .text          0x0000000081007108       0x14 binaries/fgetc.o
                0x0000000081007108                fgetc
 .text          0x000000008100711c       0x84 binaries/fgets.o
                0x000000008100711c                fgets
 .text          0x00000000810071a0       0x3c binaries/fprintf.o
                0x00000000810071a0                fprintf
 .text          0x00000000810071dc       0x24 binaries/fputc.o
                0x00000000810071dc                fputc
 .text          0x0000000081007200       0x38 binaries/fputs.o
                0x0000000081007200                fputs
 .text          0x0000000081007238       0x78 binaries/fscanf.o
                0x000000008100726c                fscanf
 .text          0x00000000810072b0       0x2c binaries/getchar.o
                0x00000000810072b0                getchar
 .text          0x00000000810072dc        0xc binaries/labs.o
                0x00000000810072dc                labs
 .text          0x00000000810072e8       0x48 binaries/memchr.o
                0x00000000810072e8                memchr
 .text          0x0000000081007330       0x60 binaries/memcmp.o
                0x0000000081007330                memcmp
 .text          0x0000000081007390       0x24 binaries/memcpy.o
                0x0000000081007390                memcpy
 .text          0x00000000810073b4       0x20 binaries/memset.o
                0x00000000810073b4                memset
 .text          0x00000000810073d4       0x58 binaries/printf.o
                0x00000000810073d4                printf
 .text          0x000000008100742c       0x2c binaries/putchar.o
                0x000000008100742c                putchar
 .text          0x0000000081007458      0x24c binaries/qsort.o
                0x0000000081007684                qsort
 .text          0x00000000810076a4       0x38 binaries/rand.o
                0x00000000810076a4                srand
                0x00000000810076b4                rand
 .text          0x00000000810076dc       0x68 binaries/sprintf.o
                0x00000000810076f4                sprintf
 .text          0x0000000081007744       0x78 binaries/sscanf.o
                0x0000000081007778                sscanf
 .text          0x00000000810077bc       0x48 binaries/strchr.o
                0x00000000810077bc                strchr
 .text          0x0000000081007804       0x54 binaries/strcmp.o
                0x0000000081007804                strcmp
 .text          0x0000000081007858       0x18 binaries/strcpy.o
                0x0000000081007858                strcpy
 .text          0x0000000081007870       0x30 binaries/strlen.o
                0x0000000081007870                strlen
 .text          0x00000000810078a0       0x50 binaries/strncat.o
                0x00000000810078a0                strncat
 .text          0x00000000810078f0       0x54 binaries/strncmp.o
                0x00000000810078f0                strncmp
 .text          0x0000000081007944       0x80 binaries/strncpy.o
                0x0000000081007944                strncpy
 .text          0x00000000810079c4       0x48 binaries/strnlen.o
                0x00000000810079c4                strnlen
 .text          0x0000000081007a0c       0x58 binaries/strrchr.o
                0x0000000081007a0c                strrchr
 .text          0x0000000081007a64       0xb4 binaries/strstr.o
                0x0000000081007a64                strstr
 .text          0x0000000081007b18       0xcc binaries/ttycontrol.o
                0x0000000081007b18                ttycontrol
 .text          0x0000000081007be4       0x70 binaries/ttygetc.o
                0x0000000081007be4                ttygetc
 .text          0x0000000081007c54      0x4e4 binaries/ttyhandle_in.o
                0x0000000081007d20                ttyhandle_in
 .text          0x0000000081008138      0x14c binaries/ttyhandle_out.o
                0x0000000081008138                ttyhandle_out
 .text          0x0000000081008284       0xcc binaries/ttyhandler.o
                0x0000000081008284                ttyhandler
 .text          0x0000000081008350      0x11c binaries/ttyinit.o
                0x0000000081008350                ttyinit
 .text          0x000000008100846c        0xc binaries/ttykickout.o
                0x000000008100846c                ttykickout
 .text          0x0000000081008478       0x7c binaries/ttyputc.o
                0x0000000081008478                ttyputc
 .text          0x00000000810084f4      0x560 binaries/ttyread.o
                0x00000000810084f4                ttychkspecial
                0x00000000810087dc                ttyread
 .text          0x0000000081008a54       0x4c binaries/ttywrite.o
                0x0000000081008a54                ttywrite
 .text          0x0000000081008aa0      0x138 binaries/mount.o
                0x0000000081008aa0                namlen
                0x0000000081008af4                mount
 .text          0x0000000081008bd8      0x1c0 binaries/naminit.o
                0x0000000081008bd8                naminit
 .text          0x0000000081008d98      0x238 binaries/nammap.o
                0x0000000081008d98                namrepl
                0x0000000081008ed0                namcpy
                0x0000000081008f2c                nammap
 .text          0x0000000081008fd0       0x40 binaries/namopen.o
                0x0000000081008fd0                namopen
 .text          0x0000000081009010      0x114 binaries/colon2mac.o
                0x0000000081009010                colon2mac
 .text          0x0000000081009124       0x44 binaries/ethcontrol.o
                0x0000000081009124                ethcontrol
 .text          0x0000000081009168      0x178 binaries/ethhandler.o
                0x0000000081009168                ethhandler
 .text          0x00000000810092e0      0x714 binaries/ethinit.o
                0x00000000810092e0                eth_phy_read
                0x0000000081009350                eth_phy_write
                0x00000000810093a8                eth_phy_reset
                0x0000000081009508                ethinit
 .text          0x00000000810099f4       0xdc binaries/ethread.o
                0x00000000810099f4                ethread
 .text          0x0000000081009ad0       0xcc binaries/ethwrite.o
                0x0000000081009ad0                ethwrite
 .text          0x0000000081009b9c       0x90 binaries/rdsbufalloc.o
                0x0000000081009b9c                rdsbufalloc
 .text          0x0000000081009c2c       0xa0 binaries/rdsclose.o
                0x0000000081009c2c                rdsclose
 .text          0x0000000081009ccc      0x1ec binaries/rdscomm.o
                0x0000000081009ccc                rdscomm
 .text          0x0000000081009eb8      0x17c binaries/rdscontrol.o
                0x0000000081009eb8                rdscontrol
 .text          0x000000008100a034      0x17c binaries/rdsinit.o
                0x000000008100a034                rdsinit
 .text          0x000000008100a1b0      0x138 binaries/rdsopen.o
                0x000000008100a1b0                rdsopen
 .text          0x000000008100a2e8      0x2e0 binaries/rdsprocess.o
                0x000000008100a2e8                rdsprocess
 .text          0x000000008100a5c8      0x1dc binaries/rdsread.o
                0x000000008100a5c8                rdsread
 .text          0x000000008100a7a4      0x16c binaries/rdswrite.o
                0x000000008100a7a4                rdswrite
 .text          0x000000008100a910        0x8 binaries/ramclose.o
                0x000000008100a910                ramclose
 .text          0x000000008100a918       0x3c binaries/raminit.o
                0x000000008100a918                raminit
 .text          0x000000008100a954        0x8 binaries/ramopen.o
                0x000000008100a954                ramopen
 .text          0x000000008100a95c       0x24 binaries/ramread.o
                0x000000008100a95c                ramread
 .text          0x000000008100a980       0x20 binaries/ramwrite.o
                0x000000008100a980                ramwrite
 .text          0x000000008100a9a0       0x94 binaries/lfdballoc.o
                0x000000008100a9a0                lfdballoc
 .text          0x000000008100aa34       0x50 binaries/lfdbfree.o
                0x000000008100aa34                lfdbfree
 .text          0x000000008100aa84       0xb8 binaries/lfflush.o
                0x000000008100aa84                lfflush
 .text          0x000000008100ab3c       0xc8 binaries/lfgetmode.o
                0x000000008100ab3c                lfgetmode
 .text          0x000000008100ac04       0x6c binaries/lfiballoc.o
                0x000000008100ac04                lfiballoc
 .text          0x000000008100ac70       0x30 binaries/lfibclear.o
                0x000000008100ac70                lfibclear
 .text          0x000000008100aca0       0x64 binaries/lfibget.o
                0x000000008100aca0                lfibget
 .text          0x000000008100ad04       0x84 binaries/lfibput.o
                0x000000008100ad04                lfibput
 .text          0x000000008100ad88       0x84 binaries/lflclose.o
                0x000000008100ad88                lflclose
 .text          0x000000008100ae0c       0xa0 binaries/lflcontrol.o
                0x000000008100ae0c                lflcontrol
 .text          0x000000008100aeac       0xa8 binaries/lflgetc.o
                0x000000008100aeac                lflgetc
 .text          0x000000008100af54       0xa8 binaries/lflinit.o
                0x000000008100af54                lflinit
 .text          0x000000008100affc       0xdc binaries/lflputc.o
                0x000000008100affc                lflputc
 .text          0x000000008100b0d8       0x78 binaries/lflread.o
                0x000000008100b0d8                lflread
 .text          0x000000008100b150       0x80 binaries/lflseek.o
                0x000000008100b150                lflseek
 .text          0x000000008100b1d0       0x54 binaries/lflwrite.o
                0x000000008100b1d0                lflwrite
 .text          0x000000008100b224      0x11c binaries/lfsckfmt.o
                0x000000008100b224                lfsckfmt
 .text          0x000000008100b340      0x15c binaries/lfscreate.o
                0x000000008100b340                lfscreate
 .text          0x000000008100b49c      0x1f0 binaries/lfsetup.o
                0x000000008100b49c                lfsetup
 .text          0x000000008100b68c       0x44 binaries/lfsinit.o
                0x000000008100b68c                lfsinit
 .text          0x000000008100b6d0      0x32c binaries/lfsopen.o
                0x000000008100b6d0                lfsopen
 .text          0x000000008100b9fc      0x108 binaries/lftruncate.o
                0x000000008100b9fc                lftruncate
 .text          0x000000008100bb04       0x70 binaries/rflclose.o
                0x000000008100bb04                rflclose
 .text          0x000000008100bb74       0x28 binaries/rflgetc.o
                0x000000008100bb74                rflgetc
 .text          0x000000008100bb9c       0x54 binaries/rflinit.o
                0x000000008100bb9c                rflinit
 .text          0x000000008100bbf0       0x2c binaries/rflputc.o
                0x000000008100bbf0                rflputc
 .text          0x000000008100bc1c      0x27c binaries/rflread.o
                0x000000008100bc1c                rflread
 .text          0x000000008100be98       0x74 binaries/rflseek.o
                0x000000008100be98                rflseek
 .text          0x000000008100bf0c      0x2a8 binaries/rflwrite.o
                0x000000008100bf0c                rflwrite
 .text          0x000000008100c1b4      0x198 binaries/rfscomm.o
                0x000000008100c1b4                rfscomm
 .text          0x000000008100c34c      0x22c binaries/rfscontrol.o
                0x000000008100c34c                rfscontrol
 .text          0x000000008100c578       0xc8 binaries/rfsgetmode.o
                0x000000008100c578                rfsgetmode
 .text          0x000000008100c640       0x84 binaries/rfsinit.o
                0x000000008100c640                rfsinit
 .text          0x000000008100c6c4       0x98 binaries/rfsndmsg.o
                0x000000008100c6c4                rfsndmsg
 .text          0x000000008100c75c      0x220 binaries/rfsopen.o
                0x000000008100c75c                rfsopen
 .text          0x000000008100c97c      0x710 binaries/arp.o
                0x000000008100c97c                arp_init
                0x000000008100c99c                arp_alloc
                0x000000008100ca70                arp_ntoh
                0x000000008100cb14                arp_hton
                0x000000008100cbb8                arp_resolve
                0x000000008100ce18                arp_in
 .text          0x000000008100d08c      0xd80 binaries/dhcp.o
                0x000000008100d08c                dump_dhcp_msg
                0x000000008100d6b8                get_dhcp_option_value
                0x000000008100d718                build_dhcp_discover
                0x000000008100d844                build_dhcp_request
                0x000000008100d9f0                getlocalip_boot
                0x000000008100ddf4                getlocalip
 .text          0x000000008100de0c      0x420 binaries/dns.o
                0x000000008100de0c                dns_bldq
                0x000000008100dec0                dns_getrname
                0x000000008100df88                dns_geta
                0x000000008100e0bc                dns_qa
 .text          0x000000008100e22c      0x104 binaries/dot2ip.o
                0x000000008100e22c                dot2ip
 .text          0x000000008100e330      0x328 binaries/hexdump.o
                0x000000008100e330                hexdump
                0x000000008100e47c                hexadump
 .text          0x000000008100e658      0x660 binaries/icmp.o
                0x000000008100e658                icmp_init
                0x000000008100e67c                icmp_register
                0x000000008100e738                icmp_recv
                0x000000008100e888                icmp_mkpkt
                0x000000008100e978                icmp_in
                0x000000008100eac4                icmp_send
                0x000000008100eb34                icmp_release
                0x000000008100ebf0                icmp_cksum
                0x000000008100ec50                icmp_hton
                0x000000008100ec84                icmp_ntoh
 .text          0x000000008100ecb8      0x688 binaries/ip.o
                0x000000008100ecb8                ip_local
                0x000000008100ece8                ipcksum
                0x000000008100ed2c                ip_ntoh
                0x000000008100edd0                ip_in
                0x000000008100ef0c                ip_hton
                0x000000008100efb0                ip_out
                0x000000008100f064                ip_send
                0x000000008100f194                ipout
                0x000000008100f2a4                ip_enqueue
 .text          0x000000008100f340      0x1c4 binaries/net.o
                0x000000008100f340                net_init
                0x000000008100f438                eth_hton
                0x000000008100f44c                eth_ntoh
                0x000000008100f460                netin
 .text          0x000000008100f504       0xbc binaries/netstart.o
                0x000000008100f504                netstart
 .text          0x000000008100f5c0      0x9dc binaries/pdump.o
                0x000000008100f5c0                pdump
                0x000000008100fb4c                pdumph
 .text          0x000000008100ff9c      0x570 binaries/tftp.o
                0x000000008100ff9c                tftp_send1
                0x0000000081010088                tftpget_mb
                0x00000000810104d8                tftpget
 .text          0x000000008101050c      0x890 binaries/udp.o
                0x000000008101050c                udp_init
                0x0000000081010534                udp_in
                0x0000000081010620                udp_register
                0x000000008101071c                udp_recv
                0x0000000081010850                udp_recvaddr
                0x00000000810109a0                udp_send
                0x0000000081010b18                udp_sendto
                0x0000000081010c78                udp_release
                0x0000000081010d34                udp_ntoh
                0x0000000081010d68                udp_hton
 .text          0x0000000081010d9c      0x120 binaries/addargs.o
                0x0000000081010d9c                addargs
 .text          0x0000000081010ebc      0x2b4 binaries/lexan.o
                0x0000000081010ebc                lexan
 .text          0x0000000081011170      0xe34 binaries/shell.o
                0x0000000081011170                cmdhistoryinit
                0x0000000081011410                cmdhistorydel
                0x000000008101151c                cmdhistoryadd
                0x0000000081011834                shell
 .text          0x0000000081011fa4       0x64 binaries/xsh_argecho.o
                0x0000000081011fa4                xsh_argecho
 .text          0x0000000081012008      0x1d4 binaries/xsh_arp.o
                0x0000000081012008                xsh_arp
 .text          0x00000000810121dc      0x23c binaries/xsh_cat.o
                0x00000000810121dc                xsh_cat
 .text          0x0000000081012418       0x5c binaries/xsh_clear.o
                0x0000000081012418                xsh_clear
 .text          0x0000000081012474      0x784 binaries/xsh_cpu_use.o
                0x0000000081012474                xsh_cpu_use
 .text          0x0000000081012bf8      0x29c binaries/xsh_date.o
                0x0000000081012bf8                xsh_date
 .text          0x0000000081012e94       0x98 binaries/xsh_devdump.o
                0x0000000081012e94                xsh_devdump
 .text          0x0000000081012f2c       0x68 binaries/xsh_echo.o
                0x0000000081012f2c                xsh_echo
 .text          0x0000000081012f94        0x8 binaries/xsh_exit.o
                0x0000000081012f94                xsh_exit
 .text          0x0000000081012f9c      0x240 binaries/xsh_factorial.o
                0x0000000081012f9c                xsh_factorial
 .text          0x00000000810131dc       0x5c binaries/xsh_factwait.o
                0x00000000810131dc                xsh_factwait
 .text          0x0000000081013238      0x3b8 binaries/xsh_help.o
                0x0000000081013238                xsh_help
 .text          0x00000000810135f0      0x354 binaries/xsh_ipaddr.o
                0x00000000810135f0                xsh_ipaddr
 .text          0x0000000081013944      0x1f8 binaries/xsh_kill.o
                0x0000000081013944                xsh_kill
 .text          0x0000000081013b3c      0x2ac binaries/xsh_led.o
                0x0000000081013b3c                xsh_led
 .text          0x0000000081013de8      0x444 binaries/xsh_memdump.o
                0x0000000081013ee4                xsh_memdump
 .text          0x000000008101422c      0x260 binaries/xsh_memstat.o
                0x000000008101422c                xsh_memstat
 .text          0x000000008101448c      0x3b0 binaries/xsh_ping.o
                0x000000008101448c                xsh_ping
 .text          0x000000008101483c      0x220 binaries/xsh_ps.o
                0x000000008101483c                xsh_ps
 .text          0x0000000081014a5c      0x150 binaries/xsh_repeat.o
                0x0000000081014a5c                xsh_repeat
 .text          0x0000000081014bac      0x1bc binaries/xsh_rwb_test.o
                0x0000000081014bac                xsh_rwb_test
                0x0000000081014c28                xsh_add_rwb_tester
 .text          0x0000000081014d68      0x3c0 binaries/xsh_set.o
                0x0000000081014d68                xsh_set
 .text          0x0000000081015128      0x1d0 binaries/xsh_sleep.o
                0x0000000081015128                xsh_sleep
 .text          0x00000000810152f8      0x244 binaries/xsh_udpdump.o
                0x00000000810152f8                xsh_udpdump
 .text          0x000000008101553c      0x400 binaries/xsh_udpecho.o
                0x000000008101553c                xsh_udpecho
 .text          0x000000008101593c      0x250 binaries/xsh_udpeserver.o
                0x000000008101593c                xsh_udpeserver
 .text          0x0000000081015b8c      0x1b4 binaries/xsh_uptime.o
                0x0000000081015b8c                xsh_uptime
 .text          0x0000000081015d40       0x2c binaries/ctxsw.o
                0x0000000081015d40                ctxsw
 .text          0x0000000081015d6c      0x100 binaries/intr.o
                0x0000000081015d6c                disable
                0x0000000081015d78                restore
                0x0000000081015d9c                enable
                0x0000000081015da4                pause
                0x0000000081015da4                halt
                0x0000000081015dac                irq_except
                0x0000000081015ddc                initevec
                0x0000000081015e3c                expjmpinstr
 .text          0x0000000081015e6c      0x114 ../cross_compiler/lib/gcc/arm-none-eabi/4.8.1//libgcc.a(_udivsi3.o)
                0x0000000081015e6c                __udivsi3
                0x0000000081015e6c                __aeabi_uidiv
                0x0000000081015f60                __aeabi_uidivmod
 .text          0x0000000081015f80      0x148 ../cross_compiler/lib/gcc/arm-none-eabi/4.8.1//libgcc.a(_divsi3.o)
                0x0000000081015f80                __aeabi_idiv
                0x0000000081015f80                __divsi3
                0x00000000810160a8                __aeabi_idivmod
 .text          0x00000000810160c8        0x4 ../cross_compiler/lib/gcc/arm-none-eabi/4.8.1//libgcc.a(_dvmd_tls.o)
                0x00000000810160c8                __aeabi_ldiv0
                0x00000000810160c8                __aeabi_idiv0
 *(.rodata .rodata.*)
 .rodata.str1.4
                0x00000000810160cc       0x78 binaries/ascdate.o
 .rodata.str1.4
                0x0000000081016144       0x41 binaries/clkhandler.o
                                         0x44 (size before relaxing)
 *fill*         0x0000000081016185        0x3 
 .rodata.str1.4
                0x0000000081016188       0xcb binaries/conf.o
                                         0xcc (size before relaxing)
 *fill*         0x0000000081016253        0x1 
 .rodata.str1.4
                0x0000000081016254      0x101 binaries/create.o
                                        0x104 (size before relaxing)
 *fill*         0x0000000081016355        0x3 
 .rodata.str1.4
                0x0000000081016358       0xb4 binaries/freemem.o
 .rodata.str1.4
                0x000000008101640c      0x140 binaries/freestk.o
 .rodata.str1.4
                0x000000008101654c      0x1c5 binaries/getmem.o
                                        0x1c8 (size before relaxing)
 *fill*         0x0000000081016711        0x3 
 .rodata.str1.4
                0x0000000081016714      0x1c7 binaries/getstk.o
                                        0x1c8 (size before relaxing)
 *fill*         0x00000000810168db        0x1 
 .rodata.str1.4
                0x00000000810168dc       0x60 binaries/getutime.o
 .rodata        0x000000008101693c       0xb0 binaries/initialize.o
 .rodata.str1.4
                0x00000000810169ec      0x220 binaries/initialize.o
                                        0x224 (size before relaxing)
 .rodata.str1.4
                0x0000000081016c0c       0x7a binaries/main.o
                                         0x7c (size before relaxing)
 *fill*         0x0000000081016c86        0x2 
 .rodata.str1.4
                0x0000000081016c88       0x74 binaries/mem2.o
 .rodata.str1.4
                0x0000000081016cfc       0x10 binaries/panic.o
 .rodata.str1.4
                0x0000000081016d0c       0x1c binaries/ptinit.o
 .rodata.str1.4
                0x0000000081016d28       0x25 binaries/ptsend.o
                                         0x28 (size before relaxing)
 *fill*         0x0000000081016d4d        0x3 
 .rodata        0x0000000081016d50       0x20 binaries/record_cpu.o
 .rodata.str1.4
                0x0000000081016d70      0x196 binaries/record_cpu.o
                                        0x1b0 (size before relaxing)
 *fill*         0x0000000081016f06        0x2 
 .rodata.str1.4
                0x0000000081016f08       0xbc binaries/resume.o
 .rodata.str1.4
                0x0000000081016fc4      0x10c binaries/rwblocker.o
                                        0x110 (size before relaxing)
 .rodata.str1.4
                0x00000000810170d0       0x5f binaries/setprio.o
                                         0x60 (size before relaxing)
 *fill*         0x000000008101712f        0x1 
 .rodata.str1.4
                0x0000000081017130       0x22 binaries/sets.o
                                         0x24 (size before relaxing)
 *fill*         0x0000000081017152        0x2 
 .rodata.str1.4
                0x0000000081017154       0x27 binaries/xdone.o
                                         0x28 (size before relaxing)
 *fill*         0x000000008101717b        0x1 
 .rodata        0x000000008101717c       0x84 binaries/ctype_.o
                0x000000008101717c                _ctype_
 .rodata.str1.4
                0x0000000081017200       0x2f binaries/doprnt.o
                                         0x30 (size before relaxing)
 .rodata.str1.4
                0x000000008101722f       0x30 binaries/fdoprnt.o
 *fill*         0x000000008101722f        0x1 
 .rodata.str1.4
                0x0000000081017230      0x1a0 binaries/ttyread.o
 .rodata.str1.4
                0x00000000810173d0       0x86 binaries/naminit.o
                                         0x90 (size before relaxing)
 *fill*         0x0000000081017456        0x2 
 .rodata.str1.4
                0x0000000081017458       0xe5 binaries/ethinit.o
                                         0xe8 (size before relaxing)
 *fill*         0x000000008101753d        0x3 
 .rodata.str1.4
                0x0000000081017540       0x12 binaries/ethread.o
                                         0x14 (size before relaxing)
 *fill*         0x0000000081017552        0x2 
 .rodata.str1.4
                0x0000000081017554       0x2c binaries/rdsbufalloc.o
 .rodata.str1.4
                0x0000000081017580       0x76 binaries/rdscomm.o
                                         0x78 (size before relaxing)
 *fill*         0x00000000810175f6        0x2 
 .rodata.str1.4
                0x00000000810175f8       0x48 binaries/rdscontrol.o
 .rodata.str1.4
                0x0000000081017640       0x96 binaries/rdsinit.o
                                         0x98 (size before relaxing)
 *fill*         0x00000000810176d6        0x2 
 .rodata.str1.4
                0x00000000810176d8       0x22 binaries/rdsopen.o
                                         0x24 (size before relaxing)
 *fill*         0x00000000810176fa        0x2 
 .rodata.str1.4
                0x00000000810176fc       0x4d binaries/rdsprocess.o
                                         0x50 (size before relaxing)
 *fill*         0x0000000081017749        0x3 
 .rodata.str1.4
                0x000000008101774c        0x9 binaries/raminit.o
                                          0xc (size before relaxing)
 *fill*         0x0000000081017755        0x3 
 .rodata.str1.4
                0x0000000081017758       0x37 binaries/lfdballoc.o
                                         0x38 (size before relaxing)
 *fill*         0x000000008101778f        0x1 
 .rodata.str1.4
                0x0000000081017790       0x14 binaries/lfiballoc.o
 .rodata.str1.4
                0x00000000810177a4       0x23 binaries/lflcontrol.o
                                         0x24 (size before relaxing)
 *fill*         0x00000000810177c7        0x1 
 .rodata.str1.4
                0x00000000810177c8       0xbb binaries/lfsckfmt.o
                                         0xbc (size before relaxing)
 *fill*         0x0000000081017883        0x1 
 .rodata.str1.4
                0x0000000081017884       0x21 binaries/rflread.o
                                         0x24 (size before relaxing)
 .rodata.str1.4
                0x00000000810178a5       0x24 binaries/rflwrite.o
 *fill*         0x00000000810178a5        0x3 
 .rodata.str1.4
                0x00000000810178a8       0x75 binaries/rfscomm.o
                                         0x78 (size before relaxing)
 *fill*         0x000000008101791d        0x3 
 .rodata.str1.4
                0x0000000081017920       0x23 binaries/rfscontrol.o
                                         0x24 (size before relaxing)
 *fill*         0x0000000081017943        0x1 
 .rodata.str1.4
                0x0000000081017944       0x63 binaries/rfsinit.o
                                         0x64 (size before relaxing)
 *fill*         0x00000000810179a7        0x1 
 .rodata.str1.4
                0x00000000810179a8       0x2a binaries/rfsndmsg.o
                                         0x2c (size before relaxing)
 .rodata.str1.4
                0x00000000810179d2       0x24 binaries/rfsopen.o
 *fill*         0x00000000810179d2        0x2 
 .rodata.str1.4
                0x00000000810179d4       0x3d binaries/arp.o
                                         0x40 (size before relaxing)
 *fill*         0x0000000081017a11        0x3 
 .rodata.str1.4
                0x0000000081017a14      0x45e binaries/dhcp.o
                                        0x468 (size before relaxing)
 *fill*         0x0000000081017e72        0x2 
 .rodata.str1.4
                0x0000000081017e74       0xca binaries/hexdump.o
                                         0xd8 (size before relaxing)
 *fill*         0x0000000081017f3e        0x2 
 .rodata.str1.4
                0x0000000081017f40       0x29 binaries/icmp.o
                                         0x2c (size before relaxing)
 *fill*         0x0000000081017f69        0x3 
 .rodata.str1.4
                0x0000000081017f6c       0x6e binaries/ip.o
                                         0x70 (size before relaxing)
 *fill*         0x0000000081017fda        0x2 
 .rodata.str1.4
                0x0000000081017fdc       0x53 binaries/net.o
                                         0x54 (size before relaxing)
 *fill*         0x000000008101802f        0x1 
 .rodata.str1.4
                0x0000000081018030       0xcf binaries/netstart.o
                                         0xd0 (size before relaxing)
 *fill*         0x00000000810180ff        0x1 
 .rodata.str1.4
                0x0000000081018100      0x292 binaries/pdump.o
                                        0x298 (size before relaxing)
 *fill*         0x0000000081018392        0x2 
 .rodata.str1.4
                0x0000000081018394      0x175 binaries/tftp.o
                                        0x17c (size before relaxing)
 *fill*         0x0000000081018509        0x3 
 .rodata        0x000000008101850c      0x150 binaries/shell.o
                0x000000008101850c                cmdtab
 .rodata.str1.4
                0x000000008101865c      0x987 binaries/shell.o
                                        0x9a0 (size before relaxing)
 *fill*         0x0000000081018fe3        0x1 
 .rodata.str1.4
                0x0000000081018fe4       0x29 binaries/xsh_argecho.o
                                         0x30 (size before relaxing)
 *fill*         0x000000008101900d        0x3 
 .rodata.str1.4
                0x0000000081019010      0x13e binaries/xsh_arp.o
                                        0x144 (size before relaxing)
 *fill*         0x000000008101914e        0x2 
 .rodata.str1.4
                0x0000000081019150       0x81 binaries/xsh_cat.o
                                         0xd4 (size before relaxing)
 *fill*         0x00000000810191d1        0x3 
 .rodata.str1.4
                0x00000000810191d4       0x15 binaries/xsh_clear.o
                                         0x18 (size before relaxing)
 *fill*         0x00000000810191e9        0x3 
 .rodata        0x00000000810191ec       0x28 binaries/xsh_cpu_use.o
 .rodata.str1.4
                0x0000000081019214      0x1fd binaries/xsh_cpu_use.o
                                        0x298 (size before relaxing)
 *fill*         0x0000000081019411        0x3 
 .rodata.str1.4
                0x0000000081019414      0x1af binaries/xsh_date.o
                                        0x1cc (size before relaxing)
 *fill*         0x00000000810195c3        0x1 
 .rodata.str1.4
                0x00000000810195c4       0x61 binaries/xsh_devdump.o
                                         0x64 (size before relaxing)
 .rodata.str1.4
                0x0000000081019625       0x61 binaries/xsh_echo.o
                                          0xc (size before relaxing)
 *fill*         0x0000000081019625        0x3 
 .rodata.str1.4
                0x0000000081019628      0x196 binaries/xsh_factorial.o
                                        0x1a8 (size before relaxing)
 *fill*         0x00000000810197be        0x2 
 .rodata.str1.4
                0x00000000810197c0       0xe7 binaries/xsh_help.o
                                        0x17c (size before relaxing)
 *fill*         0x00000000810198a7        0x1 
 .rodata.str1.4
                0x00000000810198a8       0xfb binaries/xsh_ipaddr.o
                                        0x1ac (size before relaxing)
 *fill*         0x00000000810199a3        0x1 
 .rodata.str1.4
                0x00000000810199a4       0xc8 binaries/xsh_kill.o
                                        0x138 (size before relaxing)
 .rodata.str1.4
                0x0000000081019a6c       0xf7 binaries/xsh_led.o
                                        0x16c (size before relaxing)
 *fill*         0x0000000081019b63        0x1 
 .rodata.str1.4
                0x0000000081019b64      0x1e2 binaries/xsh_memdump.o
                                        0x264 (size before relaxing)
 *fill*         0x0000000081019d46        0x2 
 .rodata.str1.4
                0x0000000081019d48      0x204 binaries/xsh_memstat.o
                                        0x26c (size before relaxing)
 .rodata.str1.4
                0x0000000081019f4c      0x13f binaries/xsh_ping.o
                                        0x1b4 (size before relaxing)
 *fill*         0x000000008101a08b        0x1 
 .rodata        0x000000008101a08c       0x20 binaries/xsh_ps.o
 .rodata.str1.4
                0x000000008101a0ac       0x2f binaries/xsh_ps.o
                                        0x1d4 (size before relaxing)
 *fill*         0x000000008101a0db        0x1 
 .rodata        0x000000008101a0dc        0x8 binaries/xsh_repeat.o
 .rodata.str1.4
                0x000000008101a0e4        0x6 binaries/xsh_repeat.o
                                         0x14 (size before relaxing)
 *fill*         0x000000008101a0ea        0x2 
 .rodata.str1.4
                0x000000008101a0ec      0x11a binaries/xsh_rwb_test.o
                                        0x120 (size before relaxing)
 *fill*         0x000000008101a206        0x2 
 .rodata        0x000000008101a208        0xc binaries/xsh_set.o
 .rodata.str1.4
                0x000000008101a214      0x17c binaries/xsh_set.o
                                        0x188 (size before relaxing)
 .rodata.str1.4
                0x000000008101a390       0x5e binaries/xsh_sleep.o
                                         0xf8 (size before relaxing)
 *fill*         0x000000008101a3ee        0x2 
 .rodata        0x000000008101a3f0        0xc binaries/xsh_udpdump.o
 .rodata.str1.4
                0x000000008101a3fc      0x122 binaries/xsh_udpdump.o
                                        0x1e0 (size before relaxing)
 *fill*         0x000000008101a51e        0x2 
 .rodata.str1.4
                0x000000008101a520      0x1ae binaries/xsh_udpecho.o
                                        0x224 (size before relaxing)
 *fill*         0x000000008101a6ce        0x2 
 .rodata.str1.4
                0x000000008101a6d0       0x97 binaries/xsh_udpeserver.o
                                        0x13c (size before relaxing)
 *fill*         0x000000008101a767        0x1 
 .rodata.str1.4
                0x000000008101a768       0x78 binaries/xsh_uptime.o
                                        0x114 (size before relaxing)
                0x000000008101a7e0                etext = ABSOLUTE (.)
                0x000000008101b000                . = ALIGN (0x1000)
 *fill*         0x000000008101a7e0      0x820 

.glue_7         0x000000008101b000        0x0
 .glue_7        0x000000008101b000        0x0 linker stubs

.glue_7t        0x000000008101b000        0x0
 .glue_7t       0x000000008101b000        0x0 linker stubs

.vfp11_veneer   0x000000008101b000        0x0
 .vfp11_veneer  0x000000008101b000        0x0 linker stubs

.v4_bx          0x000000008101b000        0x0
 .v4_bx         0x000000008101b000        0x0 linker stubs

.iplt           0x000000008101b000        0x0
 .iplt          0x000000008101b000        0x0 binaries/start.o

.rel.dyn        0x000000008101b000        0x0
 .rel.iplt      0x000000008101b000        0x0 binaries/start.o

.data           0x000000008101b000     0x1000
                0x000000008101b000                data = ABSOLUTE (.)
 *(.data .data.*)
 .data          0x000000008101b000        0x0 binaries/start.o
 .data          0x000000008101b000       0x88 binaries/ascdate.o
                0x000000008101b000                Date
 .data          0x000000008101b088        0x0 binaries/bufinit.o
 .data          0x000000008101b088        0x0 binaries/chprio.o
 .data          0x000000008101b088        0x0 binaries/clear_cpuqdata.o
 .data          0x000000008101b088        0x4 binaries/clkhandler.o
 .data          0x000000008101b08c        0x0 binaries/clkinit.o
 .data          0x000000008101b08c        0x0 binaries/close.o
 .data          0x000000008101b08c      0x5a0 binaries/conf.o
                0x000000008101b08c                devtab
 .data          0x000000008101b62c        0x0 binaries/control.o
 .data          0x000000008101b62c        0x4 binaries/create.o
 .data          0x000000008101b630       0x40 binaries/evec.o
                0x000000008101b630                expmsg2
                0x000000008101b644                expmsg1
 .data          0x000000008101b670        0x0 binaries/exit.o
 .data          0x000000008101b670        0x0 binaries/freebuf.o
 .data          0x000000008101b670        0x0 binaries/freemem.o
 .data          0x000000008101b670        0x0 binaries/freestk.o
 .data          0x000000008101b670        0x0 binaries/getbuf.o
 .data          0x000000008101b670        0x0 binaries/getc.o
 .data          0x000000008101b670        0x0 binaries/getdev.o
 .data          0x000000008101b670        0x0 binaries/getitem.o
 .data          0x000000008101b670        0x0 binaries/getmem.o
 .data          0x000000008101b670        0x0 binaries/getpid.o
 .data          0x000000008101b670        0x0 binaries/getprio.o
 .data          0x000000008101b670        0x0 binaries/getstk.o
 .data          0x000000008101b670        0x0 binaries/gettime.o
 .data          0x000000008101b670        0x0 binaries/getutime.o
 .data          0x000000008101b670        0x0 binaries/init.o
 .data          0x000000008101b670      0x224 binaries/initialize.o
                0x000000008101b670                envtab
 .data          0x000000008101b894        0x0 binaries/insert.o
 .data          0x000000008101b894        0x0 binaries/insertd.o
 .data          0x000000008101b894        0x0 binaries/ioerr.o
 .data          0x000000008101b894        0x0 binaries/ionull.o
 .data          0x000000008101b894        0x0 binaries/kill.o
 .data          0x000000008101b894        0x0 binaries/kprintf.o
 .data          0x000000008101b894        0x4 binaries/main.o
                0x000000008101b894                gcounter
 .data          0x000000008101b898        0x0 binaries/mark.o
 .data          0x000000008101b898        0x0 binaries/mem2.o
 .data          0x000000008101b898        0x0 binaries/meminit.o
 .data          0x000000008101b898        0x0 binaries/mkbufpool.o
 .data          0x000000008101b898        0x2 binaries/newqueue.o
 .data          0x000000008101b89a        0x0 binaries/open.o
 .data          0x000000008101b89a        0x0 binaries/panic.o
 .data          0x000000008101b89a        0x0 binaries/platinit.o
 .data          0x000000008101b89a        0x0 binaries/ptclear.o
 .data          0x000000008101b89a        0x0 binaries/ptcount.o
 .data          0x000000008101b89a        0x0 binaries/ptcreate.o
 .data          0x000000008101b89a        0x0 binaries/ptdelete.o
 .data          0x000000008101b89a        0x0 binaries/ptinit.o
 .data          0x000000008101b89a        0x0 binaries/ptrecv.o
 .data          0x000000008101b89a        0x0 binaries/ptreset.o
 .data          0x000000008101b89a        0x0 binaries/ptsend.o
 .data          0x000000008101b89a        0x0 binaries/putc.o
 .data          0x000000008101b89a        0x0 binaries/queue.o
 .data          0x000000008101b89a        0x0 binaries/read.o
 .data          0x000000008101b89a        0x0 binaries/ready.o
 .data          0x000000008101b89a        0x0 binaries/receive.o
 .data          0x000000008101b89a        0x0 binaries/record_cpu.o
 .data          0x000000008101b89a        0x0 binaries/recvclr.o
 .data          0x000000008101b89a        0x0 binaries/recvtime.o
 .data          0x000000008101b89a        0x0 binaries/resched.o
 .data          0x000000008101b89a        0x0 binaries/resume.o
 .data          0x000000008101b89a        0x0 binaries/rwblocker.o
 .data          0x000000008101b89a        0x0 binaries/seek.o
 .data          0x000000008101b89a        0x0 binaries/select.o
 .data          0x000000008101b89a        0x0 binaries/semcount.o
 .data          0x000000008101b89a        0x0 binaries/semcreate.o
 .data          0x000000008101b89a        0x0 binaries/semdelete.o
 .data          0x000000008101b89a        0x0 binaries/semreset.o
 .data          0x000000008101b89a        0x0 binaries/send.o
 .data          0x000000008101b89a        0x0 binaries/setenv.o
 .data          0x000000008101b89a        0x0 binaries/setprio.o
 .data          0x000000008101b89a        0x0 binaries/sets.o
 .data          0x000000008101b89a        0x0 binaries/signal.o
 .data          0x000000008101b89a        0x0 binaries/signaln.o
 .data          0x000000008101b89a        0x0 binaries/sleep.o
 .data          0x000000008101b89a        0x0 binaries/suspend.o
 .data          0x000000008101b89a        0x0 binaries/unsleep.o
 .data          0x000000008101b89a        0x0 binaries/userret.o
 .data          0x000000008101b89a        0x0 binaries/wait.o
 .data          0x000000008101b89a        0x0 binaries/wakeup.o
 .data          0x000000008101b89a        0x0 binaries/watchdog.o
 .data          0x000000008101b89a        0x0 binaries/write.o
 .data          0x000000008101b89a        0x0 binaries/xdone.o
 .data          0x000000008101b89a        0x0 binaries/yield.o
 .data          0x000000008101b89a        0x0 binaries/abs.o
 .data          0x000000008101b89a        0x0 binaries/atoi.o
 .data          0x000000008101b89a        0x0 binaries/atol.o
 .data          0x000000008101b89a        0x0 binaries/bzero.o
 .data          0x000000008101b89a        0x0 binaries/ctype_.o
 .data          0x000000008101b89a        0x0 binaries/doprnt.o
 *fill*         0x000000008101b89a        0x2 
 .data          0x000000008101b89c       0x80 binaries/doscan.o
                0x000000008101b89c                _sctab
 .data          0x000000008101b91c        0x0 binaries/fdoprnt.o
 .data          0x000000008101b91c        0x0 binaries/fgetc.o
 .data          0x000000008101b91c        0x0 binaries/fgets.o
 .data          0x000000008101b91c        0x0 binaries/fprintf.o
 .data          0x000000008101b91c        0x0 binaries/fputc.o
 .data          0x000000008101b91c        0x0 binaries/fputs.o
 .data          0x000000008101b91c        0x0 binaries/fscanf.o
 .data          0x000000008101b91c        0x0 binaries/getchar.o
 .data          0x000000008101b91c        0x0 binaries/labs.o
 .data          0x000000008101b91c        0x0 binaries/memchr.o
 .data          0x000000008101b91c        0x0 binaries/memcmp.o
 .data          0x000000008101b91c        0x0 binaries/memcpy.o
 .data          0x000000008101b91c        0x0 binaries/memset.o
 .data          0x000000008101b91c        0x0 binaries/printf.o
 .data          0x000000008101b91c        0x0 binaries/putchar.o
 .data          0x000000008101b91c        0x0 binaries/qsort.o
 .data          0x000000008101b91c        0x4 binaries/rand.o
 .data          0x000000008101b920        0x0 binaries/sprintf.o
 .data          0x000000008101b920        0x0 binaries/sscanf.o
 .data          0x000000008101b920        0x0 binaries/strchr.o
 .data          0x000000008101b920        0x0 binaries/strcmp.o
 .data          0x000000008101b920        0x0 binaries/strcpy.o
 .data          0x000000008101b920        0x0 binaries/strlen.o
 .data          0x000000008101b920        0x0 binaries/strncat.o
 .data          0x000000008101b920        0x0 binaries/strncmp.o
 .data          0x000000008101b920        0x0 binaries/strncpy.o
 .data          0x000000008101b920        0x0 binaries/strnlen.o
 .data          0x000000008101b920        0x0 binaries/strrchr.o
 .data          0x000000008101b920        0x0 binaries/strstr.o
 .data          0x000000008101b920        0x0 binaries/ttycontrol.o
 .data          0x000000008101b920        0x0 binaries/ttygetc.o
 .data          0x000000008101b920        0x0 binaries/ttyhandle_in.o
 .data          0x000000008101b920        0x0 binaries/ttyhandle_out.o
 .data          0x000000008101b920        0x0 binaries/ttyhandler.o
 .data          0x000000008101b920        0x0 binaries/ttyinit.o
 .data          0x000000008101b920        0x0 binaries/ttykickout.o
 .data          0x000000008101b920        0x0 binaries/ttyputc.o
 .data          0x000000008101b920        0x0 binaries/ttyread.o
 .data          0x000000008101b920        0x0 binaries/ttywrite.o
 .data          0x000000008101b920        0x0 binaries/mount.o
 .data          0x000000008101b920        0x0 binaries/naminit.o
 .data          0x000000008101b920        0x0 binaries/nammap.o
 .data          0x000000008101b920        0x0 binaries/namopen.o
 .data          0x000000008101b920        0x0 binaries/colon2mac.o
 .data          0x000000008101b920        0x0 binaries/ethcontrol.o
 .data          0x000000008101b920        0x0 binaries/ethhandler.o
 .data          0x000000008101b920        0x0 binaries/ethinit.o
 .data          0x000000008101b920        0x0 binaries/ethread.o
 .data          0x000000008101b920        0x0 binaries/ethwrite.o
 .data          0x000000008101b920        0x0 binaries/rdsbufalloc.o
 .data          0x000000008101b920        0x0 binaries/rdsclose.o
 .data          0x000000008101b920        0x0 binaries/rdscomm.o
 .data          0x000000008101b920        0x0 binaries/rdscontrol.o
 .data          0x000000008101b920        0x0 binaries/rdsinit.o
 .data          0x000000008101b920        0x0 binaries/rdsopen.o
 .data          0x000000008101b920        0x0 binaries/rdsprocess.o
 .data          0x000000008101b920        0x0 binaries/rdsread.o
 .data          0x000000008101b920        0x0 binaries/rdswrite.o
 .data          0x000000008101b920        0x0 binaries/ramclose.o
 .data          0x000000008101b920        0x0 binaries/raminit.o
 .data          0x000000008101b920        0x0 binaries/ramopen.o
 .data          0x000000008101b920        0x0 binaries/ramread.o
 .data          0x000000008101b920        0x0 binaries/ramwrite.o
 .data          0x000000008101b920        0x0 binaries/lfdballoc.o
 .data          0x000000008101b920        0x0 binaries/lfdbfree.o
 .data          0x000000008101b920        0x0 binaries/lfflush.o
 .data          0x000000008101b920        0x0 binaries/lfgetmode.o
 .data          0x000000008101b920        0x0 binaries/lfiballoc.o
 .data          0x000000008101b920        0x0 binaries/lfibclear.o
 .data          0x000000008101b920        0x0 binaries/lfibget.o
 .data          0x000000008101b920        0x0 binaries/lfibput.o
 .data          0x000000008101b920        0x0 binaries/lflclose.o
 .data          0x000000008101b920        0x0 binaries/lflcontrol.o
 .data          0x000000008101b920        0x0 binaries/lflgetc.o
 .data          0x000000008101b920        0x0 binaries/lflinit.o
 .data          0x000000008101b920        0x0 binaries/lflputc.o
 .data          0x000000008101b920        0x0 binaries/lflread.o
 .data          0x000000008101b920        0x0 binaries/lflseek.o
 .data          0x000000008101b920        0x0 binaries/lflwrite.o
 .data          0x000000008101b920        0x0 binaries/lfsckfmt.o
 .data          0x000000008101b920        0x0 binaries/lfscreate.o
 .data          0x000000008101b920        0x0 binaries/lfsetup.o
 .data          0x000000008101b920        0x0 binaries/lfsinit.o
 .data          0x000000008101b920        0x0 binaries/lfsopen.o
 .data          0x000000008101b920        0x0 binaries/lftruncate.o
 .data          0x000000008101b920        0x0 binaries/rflclose.o
 .data          0x000000008101b920        0x0 binaries/rflgetc.o
 .data          0x000000008101b920        0x0 binaries/rflinit.o
 .data          0x000000008101b920        0x0 binaries/rflputc.o
 .data          0x000000008101b920        0x0 binaries/rflread.o
 .data          0x000000008101b920        0x0 binaries/rflseek.o
 .data          0x000000008101b920        0x0 binaries/rflwrite.o
 .data          0x000000008101b920        0x0 binaries/rfscomm.o
 .data          0x000000008101b920        0x0 binaries/rfscontrol.o
 .data          0x000000008101b920        0x0 binaries/rfsgetmode.o
 .data          0x000000008101b920        0x0 binaries/rfsinit.o
 .data          0x000000008101b920        0x0 binaries/rfsndmsg.o
 .data          0x000000008101b920        0x0 binaries/rfsopen.o
 .data          0x000000008101b920        0x0 binaries/arp.o
 .data          0x000000008101b920        0x0 binaries/dhcp.o
 .data          0x000000008101b920        0x0 binaries/dns.o
 .data          0x000000008101b920        0x0 binaries/dot2ip.o
 .data          0x000000008101b920        0x0 binaries/hexdump.o
 .data          0x000000008101b920        0x4 binaries/icmp.o
 .data          0x000000008101b924        0x0 binaries/ip.o
 .data          0x000000008101b924        0x0 binaries/net.o
 .data          0x000000008101b924        0x0 binaries/netstart.o
 .data          0x000000008101b924        0x0 binaries/pdump.o
 .data          0x000000008101b924        0x0 binaries/tftp.o
 .data          0x000000008101b924        0x4 binaries/udp.o
 .data          0x000000008101b928        0x0 binaries/addargs.o
 .data          0x000000008101b928        0x0 binaries/lexan.o
 .data          0x000000008101b928        0x4 binaries/shell.o
                0x000000008101b928                ncmd
 .data          0x000000008101b92c        0x0 binaries/xsh_argecho.o
 .data          0x000000008101b92c        0x0 binaries/xsh_arp.o
 .data          0x000000008101b92c        0x0 binaries/xsh_cat.o
 .data          0x000000008101b92c        0x0 binaries/xsh_clear.o
 .data          0x000000008101b92c        0x0 binaries/xsh_cpu_use.o
 .data          0x000000008101b92c        0x0 binaries/xsh_date.o
 .data          0x000000008101b92c        0x0 binaries/xsh_devdump.o
 .data          0x000000008101b92c        0x0 binaries/xsh_echo.o
 .data          0x000000008101b92c        0x0 binaries/xsh_exit.o
 .data          0x000000008101b92c        0x0 binaries/xsh_factorial.o
 .data          0x000000008101b92c        0x0 binaries/xsh_factwait.o
 .data          0x000000008101b92c        0x0 binaries/xsh_help.o
 .data          0x000000008101b92c        0x0 binaries/xsh_ipaddr.o
 .data          0x000000008101b92c        0x0 binaries/xsh_kill.o
 .data          0x000000008101b92c        0x0 binaries/xsh_led.o
 .data          0x000000008101b92c        0x0 binaries/xsh_memdump.o
 .data          0x000000008101b92c        0x0 binaries/xsh_memstat.o
 .data          0x000000008101b92c        0x0 binaries/xsh_ping.o
 .data          0x000000008101b92c        0x0 binaries/xsh_ps.o
 .data          0x000000008101b92c        0x0 binaries/xsh_repeat.o
 .data          0x000000008101b92c        0x0 binaries/xsh_rwb_test.o
 .data          0x000000008101b92c        0x0 binaries/xsh_set.o
 .data          0x000000008101b92c        0x0 binaries/xsh_sleep.o
 .data          0x000000008101b92c        0x0 binaries/xsh_udpdump.o
 .data          0x000000008101b92c        0x0 binaries/xsh_udpecho.o
 .data          0x000000008101b92c        0x0 binaries/xsh_udpeserver.o
 .data          0x000000008101b92c        0x0 binaries/xsh_uptime.o
 .data          0x000000008101b92c        0x0 binaries/ctxsw.o
 .data          0x000000008101b92c        0x0 binaries/intr.o
 .data          0x000000008101b92c        0x0 ../cross_compiler/lib/gcc/arm-none-eabi/4.8.1//libgcc.a(_udivsi3.o)
 .data          0x000000008101b92c        0x0 ../cross_compiler/lib/gcc/arm-none-eabi/4.8.1//libgcc.a(_divsi3.o)
 .data          0x000000008101b92c        0x0 ../cross_compiler/lib/gcc/arm-none-eabi/4.8.1//libgcc.a(_dvmd_tls.o)
                0x000000008101b92c                edata = ABSOLUTE (.)
                0x000000008101c000                . = ALIGN (0x1000)
 *fill*         0x000000008101b92c      0x6d4 

.igot.plt       0x000000008101c000        0x0
 .igot.plt      0x000000008101c000        0x0 binaries/start.o

.bss            0x000000008101c000    0x25000
                0x000000008101c000                bss = ABSOLUTE (.)
 *(.bss .bss.*)
 .bss           0x000000008101c000        0x0 binaries/start.o
 .bss           0x000000008101c000        0x0 binaries/ascdate.o
 .bss           0x000000008101c000        0x0 binaries/bufinit.o
 .bss           0x000000008101c000        0x0 binaries/chprio.o
 .bss           0x000000008101c000        0x0 binaries/clear_cpuqdata.o
 .bss           0x000000008101c000        0x4 binaries/clkhandler.o
                0x000000008101c000                clktimems
 .bss           0x000000008101c004        0x4 binaries/clkinit.o
                0x000000008101c004                ctr1000
 .bss           0x000000008101c008        0x0 binaries/close.o
 .bss           0x000000008101c008        0x0 binaries/conf.o
 .bss           0x000000008101c008        0x0 binaries/control.o
 .bss           0x000000008101c008        0x0 binaries/create.o
 .bss           0x000000008101c008        0x0 binaries/evec.o
 .bss           0x000000008101c008        0x0 binaries/exit.o
 .bss           0x000000008101c008        0x0 binaries/freebuf.o
 .bss           0x000000008101c008        0x0 binaries/freemem.o
 .bss           0x000000008101c008        0x0 binaries/freestk.o
 .bss           0x000000008101c008        0x0 binaries/getbuf.o
 .bss           0x000000008101c008        0x0 binaries/getc.o
 .bss           0x000000008101c008        0x0 binaries/getdev.o
 .bss           0x000000008101c008        0x0 binaries/getitem.o
 .bss           0x000000008101c008        0x0 binaries/getmem.o
 .bss           0x000000008101c008        0x0 binaries/getpid.o
 .bss           0x000000008101c008        0x0 binaries/getprio.o
 .bss           0x000000008101c008        0x0 binaries/getstk.o
 .bss           0x000000008101c008        0x0 binaries/gettime.o
 .bss           0x000000008101c008        0x0 binaries/getutime.o
 .bss           0x000000008101c008        0x0 binaries/init.o
 .bss           0x000000008101c008        0x8 binaries/initialize.o
                0x000000008101c008                ztime
 .bss           0x000000008101c010        0x0 binaries/insert.o
 .bss           0x000000008101c010        0x0 binaries/insertd.o
 .bss           0x000000008101c010        0x0 binaries/ioerr.o
 .bss           0x000000008101c010        0x0 binaries/ionull.o
 .bss           0x000000008101c010        0x0 binaries/kill.o
 .bss           0x000000008101c010        0x0 binaries/kprintf.o
 .bss           0x000000008101c010        0x4 binaries/main.o
                0x000000008101c010                shellpid
 .bss           0x000000008101c014        0x0 binaries/mark.o
 .bss           0x000000008101c014        0x0 binaries/mem2.o
 .bss           0x000000008101c014        0x0 binaries/meminit.o
 .bss           0x000000008101c014        0x0 binaries/mkbufpool.o
 .bss           0x000000008101c014        0x0 binaries/newqueue.o
 .bss           0x000000008101c014        0x0 binaries/open.o
 .bss           0x000000008101c014        0x0 binaries/panic.o
 .bss           0x000000008101c014        0x0 binaries/platinit.o
 .bss           0x000000008101c014        0x0 binaries/ptclear.o
 .bss           0x000000008101c014        0x0 binaries/ptcount.o
 .bss           0x000000008101c014        0x0 binaries/ptcreate.o
 .bss           0x000000008101c014        0x0 binaries/ptdelete.o
 .bss           0x000000008101c014        0x0 binaries/ptinit.o
 .bss           0x000000008101c014        0x0 binaries/ptrecv.o
 .bss           0x000000008101c014        0x0 binaries/ptreset.o
 .bss           0x000000008101c014        0x0 binaries/ptsend.o
 .bss           0x000000008101c014        0x0 binaries/putc.o
 .bss           0x000000008101c014        0x0 binaries/queue.o
 .bss           0x000000008101c014        0x0 binaries/read.o
 .bss           0x000000008101c014        0x0 binaries/ready.o
 .bss           0x000000008101c014        0x0 binaries/receive.o
 .bss           0x000000008101c014        0x0 binaries/record_cpu.o
 .bss           0x000000008101c014        0x0 binaries/recvclr.o
 .bss           0x000000008101c014        0x0 binaries/recvtime.o
 .bss           0x000000008101c014        0x0 binaries/resched.o
 .bss           0x000000008101c014        0x0 binaries/resume.o
 .bss           0x000000008101c014        0x4 binaries/rwblocker.o
 .bss           0x000000008101c018        0x0 binaries/seek.o
 .bss           0x000000008101c018        0x0 binaries/select.o
 .bss           0x000000008101c018        0x0 binaries/semcount.o
 .bss           0x000000008101c018        0x4 binaries/semcreate.o
 .bss           0x000000008101c01c        0x0 binaries/semdelete.o
 .bss           0x000000008101c01c        0x0 binaries/semreset.o
 .bss           0x000000008101c01c        0x0 binaries/send.o
 .bss           0x000000008101c01c        0x0 binaries/setenv.o
 .bss           0x000000008101c01c        0x0 binaries/setprio.o
 .bss           0x000000008101c01c        0x0 binaries/sets.o
 .bss           0x000000008101c01c        0x0 binaries/signal.o
 .bss           0x000000008101c01c        0x0 binaries/signaln.o
 .bss           0x000000008101c01c        0x0 binaries/sleep.o
 .bss           0x000000008101c01c        0x0 binaries/suspend.o
 .bss           0x000000008101c01c        0x0 binaries/unsleep.o
 .bss           0x000000008101c01c        0x0 binaries/userret.o
 .bss           0x000000008101c01c        0x0 binaries/wait.o
 .bss           0x000000008101c01c        0x0 binaries/wakeup.o
 .bss           0x000000008101c01c        0x0 binaries/watchdog.o
 .bss           0x000000008101c01c        0x0 binaries/write.o
 .bss           0x000000008101c01c        0x0 binaries/xdone.o
 .bss           0x000000008101c01c        0x0 binaries/yield.o
 .bss           0x000000008101c01c        0x0 binaries/abs.o
 .bss           0x000000008101c01c        0x0 binaries/atoi.o
 .bss           0x000000008101c01c        0x0 binaries/atol.o
 .bss           0x000000008101c01c        0x0 binaries/bzero.o
 .bss           0x000000008101c01c        0x0 binaries/ctype_.o
 .bss           0x000000008101c01c        0x0 binaries/doprnt.o
 .bss           0x000000008101c01c        0x0 binaries/doscan.o
 .bss           0x000000008101c01c        0x0 binaries/fdoprnt.o
 .bss           0x000000008101c01c        0x0 binaries/fgetc.o
 .bss           0x000000008101c01c        0x0 binaries/fgets.o
 .bss           0x000000008101c01c        0x0 binaries/fprintf.o
 .bss           0x000000008101c01c        0x0 binaries/fputc.o
 .bss           0x000000008101c01c        0x0 binaries/fputs.o
 .bss           0x000000008101c01c        0x0 binaries/fscanf.o
 .bss           0x000000008101c01c        0x0 binaries/getchar.o
 .bss           0x000000008101c01c        0x0 binaries/labs.o
 .bss           0x000000008101c01c        0x0 binaries/memchr.o
 .bss           0x000000008101c01c        0x0 binaries/memcmp.o
 .bss           0x000000008101c01c        0x0 binaries/memcpy.o
 .bss           0x000000008101c01c        0x0 binaries/memset.o
 .bss           0x000000008101c01c        0x0 binaries/printf.o
 .bss           0x000000008101c01c        0x0 binaries/putchar.o
 .bss           0x000000008101c01c        0x8 binaries/qsort.o
 .bss           0x000000008101c024        0x0 binaries/rand.o
 .bss           0x000000008101c024        0x0 binaries/sprintf.o
 .bss           0x000000008101c024        0x0 binaries/sscanf.o
 .bss           0x000000008101c024        0x0 binaries/strchr.o
 .bss           0x000000008101c024        0x0 binaries/strcmp.o
 .bss           0x000000008101c024        0x0 binaries/strcpy.o
 .bss           0x000000008101c024        0x0 binaries/strlen.o
 .bss           0x000000008101c024        0x0 binaries/strncat.o
 .bss           0x000000008101c024        0x0 binaries/strncmp.o
 .bss           0x000000008101c024        0x0 binaries/strncpy.o
 .bss           0x000000008101c024        0x0 binaries/strnlen.o
 .bss           0x000000008101c024        0x0 binaries/strrchr.o
 .bss           0x000000008101c024        0x0 binaries/strstr.o
 .bss           0x000000008101c024        0x0 binaries/ttycontrol.o
 .bss           0x000000008101c024        0x0 binaries/ttygetc.o
 .bss           0x000000008101c024        0x0 binaries/ttyhandle_in.o
 .bss           0x000000008101c024        0x0 binaries/ttyhandle_out.o
 .bss           0x000000008101c024        0x0 binaries/ttyhandler.o
 .bss           0x000000008101c024        0x0 binaries/ttyinit.o
 .bss           0x000000008101c024        0x0 binaries/ttykickout.o
 .bss           0x000000008101c024        0x0 binaries/ttyputc.o
 .bss           0x000000008101c024        0x8 binaries/ttyread.o
 .bss           0x000000008101c02c        0x0 binaries/ttywrite.o
 .bss           0x000000008101c02c        0x0 binaries/mount.o
 .bss           0x000000008101c02c        0x0 binaries/naminit.o
 .bss           0x000000008101c02c        0x0 binaries/nammap.o
 .bss           0x000000008101c02c        0x0 binaries/namopen.o
 .bss           0x000000008101c02c        0x0 binaries/colon2mac.o
 .bss           0x000000008101c02c        0x0 binaries/ethcontrol.o
[...]
 .ARM.attributes
                0x000000000000259e       0x35 binaries/rflwrite.o
 .ARM.attributes
                0x00000000000025d3       0x35 binaries/rfscomm.o
 .ARM.attributes
                0x0000000000002608       0x35 binaries/rfscontrol.o
 .ARM.attributes
                0x000000000000263d       0x35 binaries/rfsgetmode.o
 .ARM.attributes
                0x0000000000002672       0x35 binaries/rfsinit.o
 .ARM.attributes
                0x00000000000026a7       0x35 binaries/rfsndmsg.o
 .ARM.attributes
                0x00000000000026dc       0x35 binaries/rfsopen.o
 .ARM.attributes
                0x0000000000002711       0x35 binaries/arp.o
 .ARM.attributes
                0x0000000000002746       0x35 binaries/dhcp.o
 .ARM.attributes
                0x000000000000277b       0x35 binaries/dns.o
 .ARM.attributes
                0x00000000000027b0       0x35 binaries/dot2ip.o
 .ARM.attributes
                0x00000000000027e5       0x35 binaries/hexdump.o
 .ARM.attributes
                0x000000000000281a       0x35 binaries/icmp.o
 .ARM.attributes
                0x000000000000284f       0x35 binaries/ip.o
 .ARM.attributes
                0x0000000000002884       0x35 binaries/net.o
 .ARM.attributes
                0x00000000000028b9       0x35 binaries/netstart.o
 .ARM.attributes
                0x00000000000028ee       0x35 binaries/pdump.o
 .ARM.attributes
                0x0000000000002923       0x35 binaries/tftp.o
 .ARM.attributes
                0x0000000000002958       0x35 binaries/udp.o
 .ARM.attributes
                0x000000000000298d       0x35 binaries/addargs.o
 .ARM.attributes
                0x00000000000029c2       0x35 binaries/lexan.o
 .ARM.attributes
                0x00000000000029f7       0x35 binaries/shell.o
 .ARM.attributes
                0x0000000000002a2c       0x35 binaries/xsh_argecho.o
 .ARM.attributes
                0x0000000000002a61       0x35 binaries/xsh_arp.o
 .ARM.attributes
                0x0000000000002a96       0x35 binaries/xsh_cat.o
 .ARM.attributes
                0x0000000000002acb       0x35 binaries/xsh_clear.o
 .ARM.attributes
                0x0000000000002b00       0x35 binaries/xsh_cpu_use.o
 .ARM.attributes
                0x0000000000002b35       0x35 binaries/xsh_date.o
 .ARM.attributes
                0x0000000000002b6a       0x35 binaries/xsh_devdump.o
 .ARM.attributes
                0x0000000000002b9f       0x35 binaries/xsh_echo.o
 .ARM.attributes
                0x0000000000002bd4       0x35 binaries/xsh_exit.o
 .ARM.attributes
                0x0000000000002c09       0x35 binaries/xsh_factorial.o
 .ARM.attributes
                0x0000000000002c3e       0x35 binaries/xsh_factwait.o
 .ARM.attributes
                0x0000000000002c73       0x35 binaries/xsh_help.o
 .ARM.attributes
                0x0000000000002ca8       0x35 binaries/xsh_ipaddr.o
 .ARM.attributes
                0x0000000000002cdd       0x35 binaries/xsh_kill.o
 .ARM.attributes
                0x0000000000002d12       0x35 binaries/xsh_led.o
 .ARM.attributes
                0x0000000000002d47       0x35 binaries/xsh_memdump.o
 .ARM.attributes
                0x0000000000002d7c       0x35 binaries/xsh_memstat.o
 .ARM.attributes
                0x0000000000002db1       0x35 binaries/xsh_ping.o
 .ARM.attributes
                0x0000000000002de6       0x35 binaries/xsh_ps.o
 .ARM.attributes
                0x0000000000002e1b       0x35 binaries/xsh_repeat.o
 .ARM.attributes
                0x0000000000002e50       0x35 binaries/xsh_rwb_test.o
 .ARM.attributes
                0x0000000000002e85       0x35 binaries/xsh_set.o
 .ARM.attributes
                0x0000000000002eba       0x35 binaries/xsh_sleep.o
 .ARM.attributes
                0x0000000000002eef       0x35 binaries/xsh_udpdump.o
 .ARM.attributes
                0x0000000000002f24       0x35 binaries/xsh_udpecho.o
 .ARM.attributes
                0x0000000000002f59       0x35 binaries/xsh_udpeserver.o
 .ARM.attributes
                0x0000000000002f8e       0x35 binaries/xsh_uptime.o
 .ARM.attributes
                0x0000000000002fc3       0x25 binaries/ctxsw.o
 .ARM.attributes
                0x0000000000002fe8       0x25 binaries/intr.o
 .ARM.attributes
                0x000000000000300d       0x18 ../cross_compiler/lib/gcc/arm-none-eabi/4.8.1//libgcc.a(_udivsi3.o)
 .ARM.attributes
                0x0000000000003025       0x18 ../cross_compiler/lib/gcc/arm-none-eabi/4.8.1//libgcc.a(_divsi3.o)
 .ARM.attributes
                0x000000000000303d       0x18 ../cross_compiler/lib/gcc/arm-none-eabi/4.8.1//libgcc.a(_dvmd_tls.o)

.comment        0x0000000000000000       0x20
 .comment       0x0000000000000000       0x20 binaries/ascdate.o
                                         0x21 (size before relaxing)
 .comment       0x0000000000000020       0x21 binaries/bufinit.o
 .comment       0x0000000000000020       0x21 binaries/chprio.o
 .comment       0x0000000000000020       0x21 binaries/clear_cpuqdata.o
 .comment       0x0000000000000020       0x21 binaries/clkhandler.o
 .comment       0x0000000000000020       0x21 binaries/clkinit.o
 .comment       0x0000000000000020       0x21 binaries/close.o
 .comment       0x0000000000000020       0x21 binaries/conf.o
 .comment       0x0000000000000020       0x21 binaries/control.o
 .comment       0x0000000000000020       0x21 binaries/create.o
 .comment       0x0000000000000020       0x21 binaries/evec.o
 .comment       0x0000000000000020       0x21 binaries/exit.o
 .comment       0x0000000000000020       0x21 binaries/freebuf.o
 .comment       0x0000000000000020       0x21 binaries/freemem.o
 .comment       0x0000000000000020       0x21 binaries/freestk.o
 .comment       0x0000000000000020       0x21 binaries/getbuf.o
 .comment       0x0000000000000020       0x21 binaries/getc.o
 .comment       0x0000000000000020       0x21 binaries/getdev.o
 .comment       0x0000000000000020       0x21 binaries/getitem.o
 .comment       0x0000000000000020       0x21 binaries/getmem.o
 .comment       0x0000000000000020       0x21 binaries/getpid.o
 .comment       0x0000000000000020       0x21 binaries/getprio.o
 .comment       0x0000000000000020       0x21 binaries/getstk.o
 .comment       0x0000000000000020       0x21 binaries/gettime.o
 .comment       0x0000000000000020       0x21 binaries/getutime.o
 .comment       0x0000000000000020       0x21 binaries/init.o
 .comment       0x0000000000000020       0x21 binaries/initialize.o
 .comment       0x0000000000000020       0x21 binaries/insert.o
 .comment       0x0000000000000020       0x21 binaries/insertd.o
 .comment       0x0000000000000020       0x21 binaries/ioerr.o
 .comment       0x0000000000000020       0x21 binaries/ionull.o
 .comment       0x0000000000000020       0x21 binaries/kill.o
 .comment       0x0000000000000020       0x21 binaries/kprintf.o
 .comment       0x0000000000000020       0x21 binaries/main.o
 .comment       0x0000000000000020       0x21 binaries/mark.o
 .comment       0x0000000000000020       0x21 binaries/mem2.o
 .comment       0x0000000000000020       0x21 binaries/meminit.o
 .comment       0x0000000000000020       0x21 binaries/mkbufpool.o
 .comment       0x0000000000000020       0x21 binaries/newqueue.o
 .comment       0x0000000000000020       0x21 binaries/open.o
 .comment       0x0000000000000020       0x21 binaries/panic.o
 .comment       0x0000000000000020       0x21 binaries/platinit.o
 .comment       0x0000000000000020       0x21 binaries/ptclear.o
 .comment       0x0000000000000020       0x21 binaries/ptcount.o
 .comment       0x0000000000000020       0x21 binaries/ptcreate.o
 .comment       0x0000000000000020       0x21 binaries/ptdelete.o
 .comment       0x0000000000000020       0x21 binaries/ptinit.o
 .comment       0x0000000000000020       0x21 binaries/ptrecv.o
 .comment       0x0000000000000020       0x21 binaries/ptreset.o
 .comment       0x0000000000000020       0x21 binaries/ptsend.o
 .comment       0x0000000000000020       0x21 binaries/putc.o
 .comment       0x0000000000000020       0x21 binaries/queue.o
 .comment       0x0000000000000020       0x21 binaries/read.o
 .comment       0x0000000000000020       0x21 binaries/ready.o
 .comment       0x0000000000000020       0x21 binaries/receive.o
 .comment       0x0000000000000020       0x21 binaries/record_cpu.o
 .comment       0x0000000000000020       0x21 binaries/recvclr.o
 .comment       0x0000000000000020       0x21 binaries/recvtime.o
 .comment       0x0000000000000020       0x21 binaries/resched.o
 .comment       0x0000000000000020       0x21 binaries/resume.o
 .comment       0x0000000000000020       0x21 binaries/rwblocker.o
 .comment       0x0000000000000020       0x21 binaries/seek.o
 .comment       0x0000000000000020       0x21 binaries/select.o
 .comment       0x0000000000000020       0x21 binaries/semcount.o
 .comment       0x0000000000000020       0x21 binaries/semcreate.o
 .comment       0x0000000000000020       0x21 binaries/semdelete.o
 .comment       0x0000000000000020       0x21 binaries/semreset.o
 .comment       0x0000000000000020       0x21 binaries/send.o
 .comment       0x0000000000000020       0x21 binaries/setenv.o
 .comment       0x0000000000000020       0x21 binaries/setprio.o
 .comment       0x0000000000000020       0x21 binaries/sets.o
 .comment       0x0000000000000020       0x21 binaries/signal.o
 .comment       0x0000000000000020       0x21 binaries/signaln.o
 .comment       0x0000000000000020       0x21 binaries/sleep.o
 .comment       0x0000000000000020       0x21 binaries/suspend.o
 .comment       0x0000000000000020       0x21 binaries/unsleep.o
 .comment       0x0000000000000020       0x21 binaries/userret.o
 .comment       0x0000000000000020       0x21 binaries/wait.o
 .comment       0x0000000000000020       0x21 binaries/wakeup.o
 .comment       0x0000000000000020       0x21 binaries/watchdog.o
 .comment       0x0000000000000020       0x21 binaries/write.o
 .comment       0x0000000000000020       0x21 binaries/xdone.o
 .comment       0x0000000000000020       0x21 binaries/yield.o
 .comment       0x0000000000000020       0x21 binaries/abs.o
 .comment       0x0000000000000020       0x21 binaries/atoi.o
 .comment       0x0000000000000020       0x21 binaries/atol.o
 .comment       0x0000000000000020       0x21 binaries/bzero.o
 .comment       0x0000000000000020       0x21 binaries/ctype_.o
 .comment       0x0000000000000020       0x21 binaries/doprnt.o
 .comment       0x0000000000000020       0x21 binaries/doscan.o
 .comment       0x0000000000000020       0x21 binaries/fdoprnt.o
 .comment       0x0000000000000020       0x21 binaries/fgetc.o
 .comment       0x0000000000000020       0x21 binaries/fgets.o
 .comment       0x0000000000000020       0x21 binaries/fprintf.o
 .comment       0x0000000000000020       0x21 binaries/fputc.o
 .comment       0x0000000000000020       0x21 binaries/fputs.o
 .comment       0x0000000000000020       0x21 binaries/fscanf.o
 .comment       0x0000000000000020       0x21 binaries/getchar.o
 .comment       0x0000000000000020       0x21 binaries/labs.o
 .comment       0x0000000000000020       0x21 binaries/memchr.o
 .comment       0x0000000000000020       0x21 binaries/memcmp.o
 .comment       0x0000000000000020       0x21 binaries/memcpy.o
 .comment       0x0000000000000020       0x21 binaries/memset.o
 .comment       0x0000000000000020       0x21 binaries/printf.o
 .comment       0x0000000000000020       0x21 binaries/putchar.o
 .comment       0x0000000000000020       0x21 binaries/qsort.o
 .comment       0x0000000000000020       0x21 binaries/rand.o
 .comment       0x0000000000000020       0x21 binaries/sprintf.o
 .comment       0x0000000000000020       0x21 binaries/sscanf.o
 .comment       0x0000000000000020       0x21 binaries/strchr.o
 .comment       0x0000000000000020       0x21 binaries/strcmp.o
 .comment       0x0000000000000020       0x21 binaries/strcpy.o
 .comment       0x0000000000000020       0x21 binaries/strlen.o
 .comment       0x0000000000000020       0x21 binaries/strncat.o
 .comment       0x0000000000000020       0x21 binaries/strncmp.o
 .comment       0x0000000000000020       0x21 binaries/strncpy.o
 .comment       0x0000000000000020       0x21 binaries/strnlen.o
 .comment       0x0000000000000020       0x21 binaries/strrchr.o
 .comment       0x0000000000000020       0x21 binaries/strstr.o
 .comment       0x0000000000000020       0x21 binaries/ttycontrol.o
 .comment       0x0000000000000020       0x21 binaries/ttygetc.o
 .comment       0x0000000000000020       0x21 binaries/ttyhandle_in.o
 .comment       0x0000000000000020       0x21 binaries/ttyhandle_out.o
 .comment       0x0000000000000020       0x21 binaries/ttyhandler.o
 .comment       0x0000000000000020       0x21 binaries/ttyinit.o
 .comment       0x0000000000000020       0x21 binaries/ttykickout.o
 .comment       0x0000000000000020       0x21 binaries/ttyputc.o
 .comment       0x0000000000000020       0x21 binaries/ttyread.o
 .comment       0x0000000000000020       0x21 binaries/ttywrite.o
 .comment       0x0000000000000020       0x21 binaries/mount.o
 .comment       0x0000000000000020       0x21 binaries/naminit.o
 .comment       0x0000000000000020       0x21 binaries/nammap.o
 .comment       0x0000000000000020       0x21 binaries/namopen.o
 .comment       0x0000000000000020       0x21 binaries/colon2mac.o
 .comment       0x0000000000000020       0x21 binaries/ethcontrol.o
 .comment       0x0000000000000020       0x21 binaries/ethhandler.o
 .comment       0x0000000000000020       0x21 binaries/ethinit.o
 .comment       0x0000000000000020       0x21 binaries/ethread.o
 .comment       0x0000000000000020       0x21 binaries/ethwrite.o
 .comment       0x0000000000000020       0x21 binaries/rdsbufalloc.o
 .comment       0x0000000000000020       0x21 binaries/rdsclose.o
 .comment       0x0000000000000020       0x21 binaries/rdscomm.o
 .comment       0x0000000000000020       0x21 binaries/rdscontrol.o
 .comment       0x0000000000000020       0x21 binaries/rdsinit.o
 .comment       0x0000000000000020       0x21 binaries/rdsopen.o
 .comment       0x0000000000000020       0x21 binaries/rdsprocess.o
 .comment       0x0000000000000020       0x21 binaries/rdsread.o
 .comment       0x0000000000000020       0x21 binaries/rdswrite.o
 .comment       0x0000000000000020       0x21 binaries/ramclose.o
 .comment       0x0000000000000020       0x21 binaries/raminit.o
 .comment       0x0000000000000020       0x21 binaries/ramopen.o
 .comment       0x0000000000000020       0x21 binaries/ramread.o
 .comment       0x0000000000000020       0x21 binaries/ramwrite.o
 .comment       0x0000000000000020       0x21 binaries/lfdballoc.o
 .comment       0x0000000000000020       0x21 binaries/lfdbfree.o
 .comment       0x0000000000000020       0x21 binaries/lfflush.o
 .comment       0x0000000000000020       0x21 binaries/lfgetmode.o
 .comment       0x0000000000000020       0x21 binaries/lfiballoc.o
 .comment       0x0000000000000020       0x21 binaries/lfibclear.o
 .comment       0x0000000000000020       0x21 binaries/lfibget.o
 .comment       0x0000000000000020       0x21 binaries/lfibput.o
 .comment       0x0000000000000020       0x21 binaries/lflclose.o
 .comment       0x0000000000000020       0x21 binaries/lflcontrol.o
 .comment       0x0000000000000020       0x21 binaries/lflgetc.o
 .comment       0x0000000000000020       0x21 binaries/lflinit.o
 .comment       0x0000000000000020       0x21 binaries/lflputc.o
 .comment       0x0000000000000020       0x21 binaries/lflread.o
 .comment       0x0000000000000020       0x21 binaries/lflseek.o
 .comment       0x0000000000000020       0x21 binaries/lflwrite.o
 .comment       0x0000000000000020       0x21 binaries/lfsckfmt.o
 .comment       0x0000000000000020       0x21 binaries/lfscreate.o
 .comment       0x0000000000000020       0x21 binaries/lfsetup.o
 .comment       0x0000000000000020       0x21 binaries/lfsinit.o
 .comment       0x0000000000000020       0x21 binaries/lfsopen.o
 .comment       0x0000000000000020       0x21 binaries/lftruncate.o
 .comment       0x0000000000000020       0x21 binaries/rflclose.o
 .comment       0x0000000000000020       0x21 binaries/rflgetc.o
 .comment       0x0000000000000020       0x21 binaries/rflinit.o
 .comment       0x0000000000000020       0x21 binaries/rflputc.o
 .comment       0x0000000000000020       0x21 binaries/rflread.o
 .comment       0x0000000000000020       0x21 binaries/rflseek.o
 .comment       0x0000000000000020       0x21 binaries/rflwrite.o
 .comment       0x0000000000000020       0x21 binaries/rfscomm.o
 .comment       0x0000000000000020       0x21 binaries/rfscontrol.o
 .comment       0x0000000000000020       0x21 binaries/rfsgetmode.o
 .comment       0x0000000000000020       0x21 binaries/rfsinit.o
 .comment       0x0000000000000020       0x21 binaries/rfsndmsg.o
 .comment       0x0000000000000020       0x21 binaries/rfsopen.o
 .comment       0x0000000000000020       0x21 binaries/arp.o
 .comment       0x0000000000000020       0x21 binaries/dhcp.o
 .comment       0x0000000000000020       0x21 binaries/dns.o
 .comment       0x0000000000000020       0x21 binaries/dot2ip.o
 .comment       0x0000000000000020       0x21 binaries/hexdump.o
 .comment       0x0000000000000020       0x21 binaries/icmp.o
 .comment       0x0000000000000020       0x21 binaries/ip.o
 .comment       0x0000000000000020       0x21 binaries/net.o
 .comment       0x0000000000000020       0x21 binaries/netstart.o
 .comment       0x0000000000000020       0x21 binaries/pdump.o
 .comment       0x0000000000000020       0x21 binaries/tftp.o
 .comment       0x0000000000000020       0x21 binaries/udp.o
 .comment       0x0000000000000020       0x21 binaries/addargs.o
 .comment       0x0000000000000020       0x21 binaries/lexan.o
 .comment       0x0000000000000020       0x21 binaries/shell.o
 .comment       0x0000000000000020       0x21 binaries/xsh_argecho.o
 .comment       0x0000000000000020       0x21 binaries/xsh_arp.o
 .comment       0x0000000000000020       0x21 binaries/xsh_cat.o
 .comment       0x0000000000000020       0x21 binaries/xsh_clear.o
 .comment       0x0000000000000020       0x21 binaries/xsh_cpu_use.o
 .comment       0x0000000000000020       0x21 binaries/xsh_date.o
 .comment       0x0000000000000020       0x21 binaries/xsh_devdump.o
 .comment       0x0000000000000020       0x21 binaries/xsh_echo.o
 .comment       0x0000000000000020       0x21 binaries/xsh_exit.o
 .comment       0x0000000000000020       0x21 binaries/xsh_factorial.o
 .comment       0x0000000000000020       0x21 binaries/xsh_factwait.o
 .comment       0x0000000000000020       0x21 binaries/xsh_help.o
 .comment       0x0000000000000020       0x21 binaries/xsh_ipaddr.o
 .comment       0x0000000000000020       0x21 binaries/xsh_kill.o
 .comment       0x0000000000000020       0x21 binaries/xsh_led.o
 .comment       0x0000000000000020       0x21 binaries/xsh_memdump.o
 .comment       0x0000000000000020       0x21 binaries/xsh_memstat.o
 .comment       0x0000000000000020       0x21 binaries/xsh_ping.o
 .comment       0x0000000000000020       0x21 binaries/xsh_ps.o
 .comment       0x0000000000000020       0x21 binaries/xsh_repeat.o
 .comment       0x0000000000000020       0x21 binaries/xsh_rwb_test.o
 .comment       0x0000000000000020       0x21 binaries/xsh_set.o
 .comment       0x0000000000000020       0x21 binaries/xsh_sleep.o
 .comment       0x0000000000000020       0x21 binaries/xsh_udpdump.o
 .comment       0x0000000000000020       0x21 binaries/xsh_udpecho.o
 .comment       0x0000000000000020       0x21 binaries/xsh_udpeserver.o
 .comment       0x0000000000000020       0x21 binaries/xsh_uptime.o

.debug_frame    0x0000000000000000       0x40
 .debug_frame   0x0000000000000000       0x20 ../cross_compiler/lib/gcc/arm-none-eabi/4.8.1//libgcc.a(_udivsi3.o)
 .debug_frame   0x0000000000000020       0x20 ../cross_compiler/lib/gcc/arm-none-eabi/4.8.1//libgcc.a(_divsi3.o)
